DEBUG - 2025-12-01 15:00:51 --> Session: Class initialized using 'CodeIgniter\Session\Handlers\FileHandler' driver.
DEBUG - 2025-12-01 15:00:57 --> Session: Class initialized using 'CodeIgniter\Session\Handlers\FileHandler' driver.
DEBUG - 2025-12-01 15:00:58 --> Session: Class initialized using 'CodeIgniter\Session\Handlers\FileHandler' driver.
DEBUG - 2025-12-01 15:01:01 --> Session: Class initialized using 'CodeIgniter\Session\Handlers\FileHandler' driver.
DEBUG - 2025-12-01 15:01:06 --> Session: Class initialized using 'CodeIgniter\Session\Handlers\FileHandler' driver.
DEBUG - 2025-12-01 15:01:09 --> Session: Class initialized using 'CodeIgniter\Session\Handlers\FileHandler' driver.
DEBUG - 2025-12-01 15:01:13 --> Session: Class initialized using 'CodeIgniter\Session\Handlers\FileHandler' driver.
DEBUG - 2025-12-01 15:01:14 --> Session: Class initialized using 'CodeIgniter\Session\Handlers\FileHandler' driver.
DEBUG - 2025-12-01 15:01:22 --> Session: Class initialized using 'CodeIgniter\Session\Handlers\FileHandler' driver.
DEBUG - 2025-12-01 15:01:24 --> Session: Class initialized using 'CodeIgniter\Session\Handlers\FileHandler' driver.
DEBUG - 2025-12-01 15:01:25 --> Session: Class initialized using 'CodeIgniter\Session\Handlers\FileHandler' driver.
DEBUG - 2025-12-01 15:01:30 --> Session: Class initialized using 'CodeIgniter\Session\Handlers\FileHandler' driver.
WARNING - 2025-12-01 15:01:30 --> [DEPRECATED] Function utf8_decode() is deprecated in APPPATH\Controllers\Productos.php on line 319.
 1 SYSTEMPATH\CodeIgniter.php(933): App\Controllers\Productos->generaMinimos()
 2 SYSTEMPATH\CodeIgniter.php(507): CodeIgniter\CodeIgniter->runController(Object(App\Controllers\Productos))
 3 SYSTEMPATH\CodeIgniter.php(354): CodeIgniter\CodeIgniter->handleRequest(null, Object(Config\Cache), false)
 4 SYSTEMPATH\Boot.php(363): CodeIgniter\CodeIgniter->run()
 5 SYSTEMPATH\Boot.php(68): CodeIgniter\Boot::runCodeIgniter(Object(CodeIgniter\CodeIgniter))
 6 FCPATH\index.php(59): CodeIgniter\Boot::bootWeb(Object(Config\Paths))
WARNING - 2025-12-01 15:01:31 --> [DEPRECATED] Function utf8_decode() is deprecated in APPPATH\Controllers\Productos.php on line 323.
 1 SYSTEMPATH\CodeIgniter.php(933): App\Controllers\Productos->generaMinimos()
 2 SYSTEMPATH\CodeIgniter.php(507): CodeIgniter\CodeIgniter->runController(Object(App\Controllers\Productos))
 3 SYSTEMPATH\CodeIgniter.php(354): CodeIgniter\CodeIgniter->handleRequest(null, Object(Config\Cache), false)
 4 SYSTEMPATH\Boot.php(363): CodeIgniter\CodeIgniter->run()
 5 SYSTEMPATH\Boot.php(68): CodeIgniter\Boot::runCodeIgniter(Object(CodeIgniter\CodeIgniter))
 6 FCPATH\index.php(59): CodeIgniter\Boot::bootWeb(Object(Config\Paths))
WARNING - 2025-12-01 15:01:31 --> [DEPRECATED] Function utf8_decode() is deprecated in APPPATH\Controllers\Productos.php on line 326.
 1 SYSTEMPATH\CodeIgniter.php(933): App\Controllers\Productos->generaMinimos()
 2 SYSTEMPATH\CodeIgniter.php(507): CodeIgniter\CodeIgniter->runController(Object(App\Controllers\Productos))
 3 SYSTEMPATH\CodeIgniter.php(354): CodeIgniter\CodeIgniter->handleRequest(null, Object(Config\Cache), false)
 4 SYSTEMPATH\Boot.php(363): CodeIgniter\CodeIgniter->run()
 5 SYSTEMPATH\Boot.php(68): CodeIgniter\Boot::runCodeIgniter(Object(CodeIgniter\CodeIgniter))
 6 FCPATH\index.php(59): CodeIgniter\Boot::bootWeb(Object(Config\Paths))
WARNING - 2025-12-01 15:01:31 --> [DEPRECATED] Function utf8_decode() is deprecated in APPPATH\Controllers\Productos.php on line 327.
 1 SYSTEMPATH\CodeIgniter.php(933): App\Controllers\Productos->generaMinimos()
 2 SYSTEMPATH\CodeIgniter.php(507): CodeIgniter\CodeIgniter->runController(Object(App\Controllers\Productos))
 3 SYSTEMPATH\CodeIgniter.php(354): CodeIgniter\CodeIgniter->handleRequest(null, Object(Config\Cache), false)
 4 SYSTEMPATH\Boot.php(363): CodeIgniter\CodeIgniter->run()
 5 SYSTEMPATH\Boot.php(68): CodeIgniter\Boot::runCodeIgniter(Object(CodeIgniter\CodeIgniter))
 6 FCPATH\index.php(59): CodeIgniter\Boot::bootWeb(Object(Config\Paths))
WARNING - 2025-12-01 15:01:31 --> [DEPRECATED] Function utf8_decode() is deprecated in APPPATH\Controllers\Productos.php on line 328.
 1 SYSTEMPATH\CodeIgniter.php(933): App\Controllers\Productos->generaMinimos()
 2 SYSTEMPATH\CodeIgniter.php(507): CodeIgniter\CodeIgniter->runController(Object(App\Controllers\Productos))
 3 SYSTEMPATH\CodeIgniter.php(354): CodeIgniter\CodeIgniter->handleRequest(null, Object(Config\Cache), false)
 4 SYSTEMPATH\Boot.php(363): CodeIgniter\CodeIgniter->run()
 5 SYSTEMPATH\Boot.php(68): CodeIgniter\Boot::runCodeIgniter(Object(CodeIgniter\CodeIgniter))
 6 FCPATH\index.php(59): CodeIgniter\Boot::bootWeb(Object(Config\Paths))
WARNING - 2025-12-01 15:01:31 --> [DEPRECATED] Function utf8_decode() is deprecated in APPPATH\Controllers\Productos.php on line 329.
 1 SYSTEMPATH\CodeIgniter.php(933): App\Controllers\Productos->generaMinimos()
 2 SYSTEMPATH\CodeIgniter.php(507): CodeIgniter\CodeIgniter->runController(Object(App\Controllers\Productos))
 3 SYSTEMPATH\CodeIgniter.php(354): CodeIgniter\CodeIgniter->handleRequest(null, Object(Config\Cache), false)
 4 SYSTEMPATH\Boot.php(363): CodeIgniter\CodeIgniter->run()
 5 SYSTEMPATH\Boot.php(68): CodeIgniter\Boot::runCodeIgniter(Object(CodeIgniter\CodeIgniter))
 6 FCPATH\index.php(59): CodeIgniter\Boot::bootWeb(Object(Config\Paths))
DEBUG - 2025-12-01 15:01:36 --> Session: Class initialized using 'CodeIgniter\Session\Handlers\FileHandler' driver.
DEBUG - 2025-12-01 15:01:45 --> Session: Class initialized using 'CodeIgniter\Session\Handlers\FileHandler' driver.
WARNING - 2025-12-01 10:01:50 --> [DEPRECATED] Function utf8_encode() is deprecated in APPPATH\Libraries\cfdi_sat\satxmlsv33.php on line 242.
 1 APPPATH\Libraries\cfdi_sat\satxmlsv33.php(57): GeneraXML->satxmlsv33_cargaAtt(Object(DOMElement), [...])
 2 APPPATH\Libraries\cfdi_sat\satxmlsv33.php(39): GeneraXML->satxmlsv33_generales([...], '', 'C:\\xampp\\htdocs\\pos\\app\\Libraries/cfdi_sat/', '')
 3 APPPATH\Libraries\cfdi_sat\satxmlsv33.php(27): GeneraXML->satxmlsv33_genera_xml([...], '', 'C:\\xampp\\htdocs\\pos\\app\\Libraries/cfdi_sat/', '')
 4 APPPATH\Controllers\Factura.php(64): GeneraXML->satxmlsv33([...], '', 'C:\\xampp\\htdocs\\pos\\app\\Libraries/cfdi_sat/', '')
 5 SYSTEMPATH\CodeIgniter.php(933): App\Controllers\Factura->facturar('14')
 6 SYSTEMPATH\CodeIgniter.php(507): CodeIgniter\CodeIgniter->runController(Object(App\Controllers\Factura))
 7 SYSTEMPATH\CodeIgniter.php(354): CodeIgniter\CodeIgniter->handleRequest(null, Object(Config\Cache), false)
 8 SYSTEMPATH\Boot.php(363): CodeIgniter\CodeIgniter->run()
 9 SYSTEMPATH\Boot.php(68): CodeIgniter\Boot::runCodeIgniter(Object(CodeIgniter\CodeIgniter))
10 FCPATH\index.php(59): CodeIgniter\Boot::bootWeb(Object(Config\Paths))
WARNING - 2025-12-01 10:01:50 --> [DEPRECATED] Function utf8_encode() is deprecated in APPPATH\Libraries\cfdi_sat\satxmlsv33.php on line 242.
 1 APPPATH\Libraries\cfdi_sat\satxmlsv33.php(57): GeneraXML->satxmlsv33_cargaAtt(Object(DOMElement), [...])
 2 APPPATH\Libraries\cfdi_sat\satxmlsv33.php(39): GeneraXML->satxmlsv33_generales([...], '', 'C:\\xampp\\htdocs\\pos\\app\\Libraries/cfdi_sat/', '')
 3 APPPATH\Libraries\cfdi_sat\satxmlsv33.php(27): GeneraXML->satxmlsv33_genera_xml([...], '', 'C:\\xampp\\htdocs\\pos\\app\\Libraries/cfdi_sat/', '')
 4 APPPATH\Controllers\Factura.php(64): GeneraXML->satxmlsv33([...], '', 'C:\\xampp\\htdocs\\pos\\app\\Libraries/cfdi_sat/', '')
 5 SYSTEMPATH\CodeIgniter.php(933): App\Controllers\Factura->facturar('14')
 6 SYSTEMPATH\CodeIgniter.php(507): CodeIgniter\CodeIgniter->runController(Object(App\Controllers\Factura))
 7 SYSTEMPATH\CodeIgniter.php(354): CodeIgniter\CodeIgniter->handleRequest(null, Object(Config\Cache), false)
 8 SYSTEMPATH\Boot.php(363): CodeIgniter\CodeIgniter->run()
 9 SYSTEMPATH\Boot.php(68): CodeIgniter\Boot::runCodeIgniter(Object(CodeIgniter\CodeIgniter))
10 FCPATH\index.php(59): CodeIgniter\Boot::bootWeb(Object(Config\Paths))
WARNING - 2025-12-01 10:01:50 --> [DEPRECATED] Function utf8_encode() is deprecated in APPPATH\Libraries\cfdi_sat\satxmlsv33.php on line 242.
 1 APPPATH\Libraries\cfdi_sat\satxmlsv33.php(57): GeneraXML->satxmlsv33_cargaAtt(Object(DOMElement), [...])
 2 APPPATH\Libraries\cfdi_sat\satxmlsv33.php(39): GeneraXML->satxmlsv33_generales([...], '', 'C:\\xampp\\htdocs\\pos\\app\\Libraries/cfdi_sat/', '')
 3 APPPATH\Libraries\cfdi_sat\satxmlsv33.php(27): GeneraXML->satxmlsv33_genera_xml([...], '', 'C:\\xampp\\htdocs\\pos\\app\\Libraries/cfdi_sat/', '')
 4 APPPATH\Controllers\Factura.php(64): GeneraXML->satxmlsv33([...], '', 'C:\\xampp\\htdocs\\pos\\app\\Libraries/cfdi_sat/', '')
 5 SYSTEMPATH\CodeIgniter.php(933): App\Controllers\Factura->facturar('14')
 6 SYSTEMPATH\CodeIgniter.php(507): CodeIgniter\CodeIgniter->runController(Object(App\Controllers\Factura))
 7 SYSTEMPATH\CodeIgniter.php(354): CodeIgniter\CodeIgniter->handleRequest(null, Object(Config\Cache), false)
 8 SYSTEMPATH\Boot.php(363): CodeIgniter\CodeIgniter->run()
 9 SYSTEMPATH\Boot.php(68): CodeIgniter\Boot::runCodeIgniter(Object(CodeIgniter\CodeIgniter))
10 FCPATH\index.php(59): CodeIgniter\Boot::bootWeb(Object(Config\Paths))
WARNING - 2025-12-01 10:01:50 --> [DEPRECATED] substr(): Passing null to parameter #1 ($string) of type string is deprecated in APPPATH\Libraries\cfdi_sat\satxmlsv33.php on line 250.
 1 APPPATH\Libraries\cfdi_sat\satxmlsv33.php(250): substr(null, 0, 4)
 2 APPPATH\Libraries\cfdi_sat\satxmlsv33.php(82): GeneraXML->satxmlsv33_xml_fech(null)
 3 APPPATH\Libraries\cfdi_sat\satxmlsv33.php(39): GeneraXML->satxmlsv33_generales([...], '', 'C:\\xampp\\htdocs\\pos\\app\\Libraries/cfdi_sat/', '')
 4 APPPATH\Libraries\cfdi_sat\satxmlsv33.php(27): GeneraXML->satxmlsv33_genera_xml([...], '', 'C:\\xampp\\htdocs\\pos\\app\\Libraries/cfdi_sat/', '')
 5 APPPATH\Controllers\Factura.php(64): GeneraXML->satxmlsv33([...], '', 'C:\\xampp\\htdocs\\pos\\app\\Libraries/cfdi_sat/', '')
 6 SYSTEMPATH\CodeIgniter.php(933): App\Controllers\Factura->facturar('14')
 7 SYSTEMPATH\CodeIgniter.php(507): CodeIgniter\CodeIgniter->runController(Object(App\Controllers\Factura))
 8 SYSTEMPATH\CodeIgniter.php(354): CodeIgniter\CodeIgniter->handleRequest(null, Object(Config\Cache), false)
 9 SYSTEMPATH\Boot.php(363): CodeIgniter\CodeIgniter->run()
10 SYSTEMPATH\Boot.php(68): CodeIgniter\Boot::runCodeIgniter(Object(CodeIgniter\CodeIgniter))
11 FCPATH\index.php(59): CodeIgniter\Boot::bootWeb(Object(Config\Paths))
WARNING - 2025-12-01 10:01:50 --> [DEPRECATED] substr(): Passing null to parameter #1 ($string) of type string is deprecated in APPPATH\Libraries\cfdi_sat\satxmlsv33.php on line 251.
 1 APPPATH\Libraries\cfdi_sat\satxmlsv33.php(251): substr(null, 4, 2)
 2 APPPATH\Libraries\cfdi_sat\satxmlsv33.php(82): GeneraXML->satxmlsv33_xml_fech(null)
 3 APPPATH\Libraries\cfdi_sat\satxmlsv33.php(39): GeneraXML->satxmlsv33_generales([...], '', 'C:\\xampp\\htdocs\\pos\\app\\Libraries/cfdi_sat/', '')
 4 APPPATH\Libraries\cfdi_sat\satxmlsv33.php(27): GeneraXML->satxmlsv33_genera_xml([...], '', 'C:\\xampp\\htdocs\\pos\\app\\Libraries/cfdi_sat/', '')
 5 APPPATH\Controllers\Factura.php(64): GeneraXML->satxmlsv33([...], '', 'C:\\xampp\\htdocs\\pos\\app\\Libraries/cfdi_sat/', '')
 6 SYSTEMPATH\CodeIgniter.php(933): App\Controllers\Factura->facturar('14')
 7 SYSTEMPATH\CodeIgniter.php(507): CodeIgniter\CodeIgniter->runController(Object(App\Controllers\Factura))
 8 SYSTEMPATH\CodeIgniter.php(354): CodeIgniter\CodeIgniter->handleRequest(null, Object(Config\Cache), false)
 9 SYSTEMPATH\Boot.php(363): CodeIgniter\CodeIgniter->run()
10 SYSTEMPATH\Boot.php(68): CodeIgniter\Boot::runCodeIgniter(Object(CodeIgniter\CodeIgniter))
11 FCPATH\index.php(59): CodeIgniter\Boot::bootWeb(Object(Config\Paths))
WARNING - 2025-12-01 10:01:50 --> [DEPRECATED] substr(): Passing null to parameter #1 ($string) of type string is deprecated in APPPATH\Libraries\cfdi_sat\satxmlsv33.php on line 252.
 1 APPPATH\Libraries\cfdi_sat\satxmlsv33.php(252): substr(null, 6, 2)
 2 APPPATH\Libraries\cfdi_sat\satxmlsv33.php(82): GeneraXML->satxmlsv33_xml_fech(null)
 3 APPPATH\Libraries\cfdi_sat\satxmlsv33.php(39): GeneraXML->satxmlsv33_generales([...], '', 'C:\\xampp\\htdocs\\pos\\app\\Libraries/cfdi_sat/', '')
 4 APPPATH\Libraries\cfdi_sat\satxmlsv33.php(27): GeneraXML->satxmlsv33_genera_xml([...], '', 'C:\\xampp\\htdocs\\pos\\app\\Libraries/cfdi_sat/', '')
 5 APPPATH\Controllers\Factura.php(64): GeneraXML->satxmlsv33([...], '', 'C:\\xampp\\htdocs\\pos\\app\\Libraries/cfdi_sat/', '')
 6 SYSTEMPATH\CodeIgniter.php(933): App\Controllers\Factura->facturar('14')
 7 SYSTEMPATH\CodeIgniter.php(507): CodeIgniter\CodeIgniter->runController(Object(App\Controllers\Factura))
 8 SYSTEMPATH\CodeIgniter.php(354): CodeIgniter\CodeIgniter->handleRequest(null, Object(Config\Cache), false)
 9 SYSTEMPATH\Boot.php(363): CodeIgniter\CodeIgniter->run()
10 SYSTEMPATH\Boot.php(68): CodeIgniter\Boot::runCodeIgniter(Object(CodeIgniter\CodeIgniter))
11 FCPATH\index.php(59): CodeIgniter\Boot::bootWeb(Object(Config\Paths))
WARNING - 2025-12-01 10:01:50 --> [DEPRECATED] substr(): Passing null to parameter #1 ($string) of type string is deprecated in APPPATH\Libraries\cfdi_sat\satxmlsv33.php on line 253.
 1 APPPATH\Libraries\cfdi_sat\satxmlsv33.php(253): substr(null, 8, 2)
 2 APPPATH\Libraries\cfdi_sat\satxmlsv33.php(82): GeneraXML->satxmlsv33_xml_fech(null)
 3 APPPATH\Libraries\cfdi_sat\satxmlsv33.php(39): GeneraXML->satxmlsv33_generales([...], '', 'C:\\xampp\\htdocs\\pos\\app\\Libraries/cfdi_sat/', '')
 4 APPPATH\Libraries\cfdi_sat\satxmlsv33.php(27): GeneraXML->satxmlsv33_genera_xml([...], '', 'C:\\xampp\\htdocs\\pos\\app\\Libraries/cfdi_sat/', '')
 5 APPPATH\Controllers\Factura.php(64): GeneraXML->satxmlsv33([...], '', 'C:\\xampp\\htdocs\\pos\\app\\Libraries/cfdi_sat/', '')
 6 SYSTEMPATH\CodeIgniter.php(933): App\Controllers\Factura->facturar('14')
 7 SYSTEMPATH\CodeIgniter.php(507): CodeIgniter\CodeIgniter->runController(Object(App\Controllers\Factura))
 8 SYSTEMPATH\CodeIgniter.php(354): CodeIgniter\CodeIgniter->handleRequest(null, Object(Config\Cache), false)
 9 SYSTEMPATH\Boot.php(363): CodeIgniter\CodeIgniter->run()
10 SYSTEMPATH\Boot.php(68): CodeIgniter\Boot::runCodeIgniter(Object(CodeIgniter\CodeIgniter))
11 FCPATH\index.php(59): CodeIgniter\Boot::bootWeb(Object(Config\Paths))
WARNING - 2025-12-01 10:01:50 --> [DEPRECATED] substr(): Passing null to parameter #1 ($string) of type string is deprecated in APPPATH\Libraries\cfdi_sat\satxmlsv33.php on line 254.
 1 APPPATH\Libraries\cfdi_sat\satxmlsv33.php(254): substr(null, 10, 2)
 2 APPPATH\Libraries\cfdi_sat\satxmlsv33.php(82): GeneraXML->satxmlsv33_xml_fech(null)
 3 APPPATH\Libraries\cfdi_sat\satxmlsv33.php(39): GeneraXML->satxmlsv33_generales([...], '', 'C:\\xampp\\htdocs\\pos\\app\\Libraries/cfdi_sat/', '')
 4 APPPATH\Libraries\cfdi_sat\satxmlsv33.php(27): GeneraXML->satxmlsv33_genera_xml([...], '', 'C:\\xampp\\htdocs\\pos\\app\\Libraries/cfdi_sat/', '')
 5 APPPATH\Controllers\Factura.php(64): GeneraXML->satxmlsv33([...], '', 'C:\\xampp\\htdocs\\pos\\app\\Libraries/cfdi_sat/', '')
 6 SYSTEMPATH\CodeIgniter.php(933): App\Controllers\Factura->facturar('14')
 7 SYSTEMPATH\CodeIgniter.php(507): CodeIgniter\CodeIgniter->runController(Object(App\Controllers\Factura))
 8 SYSTEMPATH\CodeIgniter.php(354): CodeIgniter\CodeIgniter->handleRequest(null, Object(Config\Cache), false)
 9 SYSTEMPATH\Boot.php(363): CodeIgniter\CodeIgniter->run()
10 SYSTEMPATH\Boot.php(68): CodeIgniter\Boot::runCodeIgniter(Object(CodeIgniter\CodeIgniter))
11 FCPATH\index.php(59): CodeIgniter\Boot::bootWeb(Object(Config\Paths))
WARNING - 2025-12-01 10:01:50 --> [DEPRECATED] substr(): Passing null to parameter #1 ($string) of type string is deprecated in APPPATH\Libraries\cfdi_sat\satxmlsv33.php on line 255.
 1 APPPATH\Libraries\cfdi_sat\satxmlsv33.php(255): substr(null, 12, 2)
 2 APPPATH\Libraries\cfdi_sat\satxmlsv33.php(82): GeneraXML->satxmlsv33_xml_fech(null)
 3 APPPATH\Libraries\cfdi_sat\satxmlsv33.php(39): GeneraXML->satxmlsv33_generales([...], '', 'C:\\xampp\\htdocs\\pos\\app\\Libraries/cfdi_sat/', '')
 4 APPPATH\Libraries\cfdi_sat\satxmlsv33.php(27): GeneraXML->satxmlsv33_genera_xml([...], '', 'C:\\xampp\\htdocs\\pos\\app\\Libraries/cfdi_sat/', '')
 5 APPPATH\Controllers\Factura.php(64): GeneraXML->satxmlsv33([...], '', 'C:\\xampp\\htdocs\\pos\\app\\Libraries/cfdi_sat/', '')
 6 SYSTEMPATH\CodeIgniter.php(933): App\Controllers\Factura->facturar('14')
 7 SYSTEMPATH\CodeIgniter.php(507): CodeIgniter\CodeIgniter->runController(Object(App\Controllers\Factura))
 8 SYSTEMPATH\CodeIgniter.php(354): CodeIgniter\CodeIgniter->handleRequest(null, Object(Config\Cache), false)
 9 SYSTEMPATH\Boot.php(363): CodeIgniter\CodeIgniter->run()
10 SYSTEMPATH\Boot.php(68): CodeIgniter\Boot::runCodeIgniter(Object(CodeIgniter\CodeIgniter))
11 FCPATH\index.php(59): CodeIgniter\Boot::bootWeb(Object(Config\Paths))
WARNING - 2025-12-01 10:01:50 --> [DEPRECATED] Function utf8_encode() is deprecated in APPPATH\Libraries\cfdi_sat\satxmlsv33.php on line 242.
 1 APPPATH\Libraries\cfdi_sat\satxmlsv33.php(64): GeneraXML->satxmlsv33_cargaAtt(Object(DOMElement), [...])
 2 APPPATH\Libraries\cfdi_sat\satxmlsv33.php(39): GeneraXML->satxmlsv33_generales([...], '', 'C:\\xampp\\htdocs\\pos\\app\\Libraries/cfdi_sat/', '')
 3 APPPATH\Libraries\cfdi_sat\satxmlsv33.php(27): GeneraXML->satxmlsv33_genera_xml([...], '', 'C:\\xampp\\htdocs\\pos\\app\\Libraries/cfdi_sat/', '')
 4 APPPATH\Controllers\Factura.php(64): GeneraXML->satxmlsv33([...], '', 'C:\\xampp\\htdocs\\pos\\app\\Libraries/cfdi_sat/', '')
 5 SYSTEMPATH\CodeIgniter.php(933): App\Controllers\Factura->facturar('14')
 6 SYSTEMPATH\CodeIgniter.php(507): CodeIgniter\CodeIgniter->runController(Object(App\Controllers\Factura))
 7 SYSTEMPATH\CodeIgniter.php(354): CodeIgniter\CodeIgniter->handleRequest(null, Object(Config\Cache), false)
 8 SYSTEMPATH\Boot.php(363): CodeIgniter\CodeIgniter->run()
 9 SYSTEMPATH\Boot.php(68): CodeIgniter\Boot::runCodeIgniter(Object(CodeIgniter\CodeIgniter))
10 FCPATH\index.php(59): CodeIgniter\Boot::bootWeb(Object(Config\Paths))
WARNING - 2025-12-01 10:01:50 --> [DEPRECATED] Function utf8_encode() is deprecated in APPPATH\Libraries\cfdi_sat\satxmlsv33.php on line 242.
 1 APPPATH\Libraries\cfdi_sat\satxmlsv33.php(64): GeneraXML->satxmlsv33_cargaAtt(Object(DOMElement), [...])
 2 APPPATH\Libraries\cfdi_sat\satxmlsv33.php(39): GeneraXML->satxmlsv33_generales([...], '', 'C:\\xampp\\htdocs\\pos\\app\\Libraries/cfdi_sat/', '')
 3 APPPATH\Libraries\cfdi_sat\satxmlsv33.php(27): GeneraXML->satxmlsv33_genera_xml([...], '', 'C:\\xampp\\htdocs\\pos\\app\\Libraries/cfdi_sat/', '')
 4 APPPATH\Controllers\Factura.php(64): GeneraXML->satxmlsv33([...], '', 'C:\\xampp\\htdocs\\pos\\app\\Libraries/cfdi_sat/', '')
 5 SYSTEMPATH\CodeIgniter.php(933): App\Controllers\Factura->facturar('14')
 6 SYSTEMPATH\CodeIgniter.php(507): CodeIgniter\CodeIgniter->runController(Object(App\Controllers\Factura))
 7 SYSTEMPATH\CodeIgniter.php(354): CodeIgniter\CodeIgniter->handleRequest(null, Object(Config\Cache), false)
 8 SYSTEMPATH\Boot.php(363): CodeIgniter\CodeIgniter->run()
 9 SYSTEMPATH\Boot.php(68): CodeIgniter\Boot::runCodeIgniter(Object(CodeIgniter\CodeIgniter))
10 FCPATH\index.php(59): CodeIgniter\Boot::bootWeb(Object(Config\Paths))
WARNING - 2025-12-01 10:01:50 --> [DEPRECATED] Function utf8_encode() is deprecated in APPPATH\Libraries\cfdi_sat\satxmlsv33.php on line 242.
 1 APPPATH\Libraries\cfdi_sat\satxmlsv33.php(64): GeneraXML->satxmlsv33_cargaAtt(Object(DOMElement), [...])
 2 APPPATH\Libraries\cfdi_sat\satxmlsv33.php(39): GeneraXML->satxmlsv33_generales([...], '', 'C:\\xampp\\htdocs\\pos\\app\\Libraries/cfdi_sat/', '')
 3 APPPATH\Libraries\cfdi_sat\satxmlsv33.php(27): GeneraXML->satxmlsv33_genera_xml([...], '', 'C:\\xampp\\htdocs\\pos\\app\\Libraries/cfdi_sat/', '')
 4 APPPATH\Controllers\Factura.php(64): GeneraXML->satxmlsv33([...], '', 'C:\\xampp\\htdocs\\pos\\app\\Libraries/cfdi_sat/', '')
 5 SYSTEMPATH\CodeIgniter.php(933): App\Controllers\Factura->facturar('14')
 6 SYSTEMPATH\CodeIgniter.php(507): CodeIgniter\CodeIgniter->runController(Object(App\Controllers\Factura))
 7 SYSTEMPATH\CodeIgniter.php(354): CodeIgniter\CodeIgniter->handleRequest(null, Object(Config\Cache), false)
 8 SYSTEMPATH\Boot.php(363): CodeIgniter\CodeIgniter->run()
 9 SYSTEMPATH\Boot.php(68): CodeIgniter\Boot::runCodeIgniter(Object(CodeIgniter\CodeIgniter))
10 FCPATH\index.php(59): CodeIgniter\Boot::bootWeb(Object(Config\Paths))
WARNING - 2025-12-01 10:01:50 --> [DEPRECATED] Function utf8_encode() is deprecated in APPPATH\Libraries\cfdi_sat\satxmlsv33.php on line 242.
 1 APPPATH\Libraries\cfdi_sat\satxmlsv33.php(64): GeneraXML->satxmlsv33_cargaAtt(Object(DOMElement), [...])
 2 APPPATH\Libraries\cfdi_sat\satxmlsv33.php(39): GeneraXML->satxmlsv33_generales([...], '', 'C:\\xampp\\htdocs\\pos\\app\\Libraries/cfdi_sat/', '')
 3 APPPATH\Libraries\cfdi_sat\satxmlsv33.php(27): GeneraXML->satxmlsv33_genera_xml([...], '', 'C:\\xampp\\htdocs\\pos\\app\\Libraries/cfdi_sat/', '')
 4 APPPATH\Controllers\Factura.php(64): GeneraXML->satxmlsv33([...], '', 'C:\\xampp\\htdocs\\pos\\app\\Libraries/cfdi_sat/', '')
 5 SYSTEMPATH\CodeIgniter.php(933): App\Controllers\Factura->facturar('14')
 6 SYSTEMPATH\CodeIgniter.php(507): CodeIgniter\CodeIgniter->runController(Object(App\Controllers\Factura))
 7 SYSTEMPATH\CodeIgniter.php(354): CodeIgniter\CodeIgniter->handleRequest(null, Object(Config\Cache), false)
 8 SYSTEMPATH\Boot.php(363): CodeIgniter\CodeIgniter->run()
 9 SYSTEMPATH\Boot.php(68): CodeIgniter\Boot::runCodeIgniter(Object(CodeIgniter\CodeIgniter))
10 FCPATH\index.php(59): CodeIgniter\Boot::bootWeb(Object(Config\Paths))
WARNING - 2025-12-01 10:01:50 --> [DEPRECATED] Function utf8_encode() is deprecated in APPPATH\Libraries\cfdi_sat\satxmlsv33.php on line 242.
 1 APPPATH\Libraries\cfdi_sat\satxmlsv33.php(64): GeneraXML->satxmlsv33_cargaAtt(Object(DOMElement), [...])
 2 APPPATH\Libraries\cfdi_sat\satxmlsv33.php(39): GeneraXML->satxmlsv33_generales([...], '', 'C:\\xampp\\htdocs\\pos\\app\\Libraries/cfdi_sat/', '')
 3 APPPATH\Libraries\cfdi_sat\satxmlsv33.php(27): GeneraXML->satxmlsv33_genera_xml([...], '', 'C:\\xampp\\htdocs\\pos\\app\\Libraries/cfdi_sat/', '')
 4 APPPATH\Controllers\Factura.php(64): GeneraXML->satxmlsv33([...], '', 'C:\\xampp\\htdocs\\pos\\app\\Libraries/cfdi_sat/', '')
 5 SYSTEMPATH\CodeIgniter.php(933): App\Controllers\Factura->facturar('14')
 6 SYSTEMPATH\CodeIgniter.php(507): CodeIgniter\CodeIgniter->runController(Object(App\Controllers\Factura))
 7 SYSTEMPATH\CodeIgniter.php(354): CodeIgniter\CodeIgniter->handleRequest(null, Object(Config\Cache), false)
 8 SYSTEMPATH\Boot.php(363): CodeIgniter\CodeIgniter->run()
 9 SYSTEMPATH\Boot.php(68): CodeIgniter\Boot::runCodeIgniter(Object(CodeIgniter\CodeIgniter))
10 FCPATH\index.php(59): CodeIgniter\Boot::bootWeb(Object(Config\Paths))
WARNING - 2025-12-01 10:01:50 --> [DEPRECATED] Function utf8_encode() is deprecated in APPPATH\Libraries\cfdi_sat\satxmlsv33.php on line 242.
 1 APPPATH\Libraries\cfdi_sat\satxmlsv33.php(64): GeneraXML->satxmlsv33_cargaAtt(Object(DOMElement), [...])
 2 APPPATH\Libraries\cfdi_sat\satxmlsv33.php(39): GeneraXML->satxmlsv33_generales([...], '', 'C:\\xampp\\htdocs\\pos\\app\\Libraries/cfdi_sat/', '')
 3 APPPATH\Libraries\cfdi_sat\satxmlsv33.php(27): GeneraXML->satxmlsv33_genera_xml([...], '', 'C:\\xampp\\htdocs\\pos\\app\\Libraries/cfdi_sat/', '')
 4 APPPATH\Controllers\Factura.php(64): GeneraXML->satxmlsv33([...], '', 'C:\\xampp\\htdocs\\pos\\app\\Libraries/cfdi_sat/', '')
 5 SYSTEMPATH\CodeIgniter.php(933): App\Controllers\Factura->facturar('14')
 6 SYSTEMPATH\CodeIgniter.php(507): CodeIgniter\CodeIgniter->runController(Object(App\Controllers\Factura))
 7 SYSTEMPATH\CodeIgniter.php(354): CodeIgniter\CodeIgniter->handleRequest(null, Object(Config\Cache), false)
 8 SYSTEMPATH\Boot.php(363): CodeIgniter\CodeIgniter->run()
 9 SYSTEMPATH\Boot.php(68): CodeIgniter\Boot::runCodeIgniter(Object(CodeIgniter\CodeIgniter))
10 FCPATH\index.php(59): CodeIgniter\Boot::bootWeb(Object(Config\Paths))
WARNING - 2025-12-01 10:01:50 --> [DEPRECATED] Function utf8_encode() is deprecated in APPPATH\Libraries\cfdi_sat\satxmlsv33.php on line 242.
 1 APPPATH\Libraries\cfdi_sat\satxmlsv33.php(64): GeneraXML->satxmlsv33_cargaAtt(Object(DOMElement), [...])
 2 APPPATH\Libraries\cfdi_sat\satxmlsv33.php(39): GeneraXML->satxmlsv33_generales([...], '', 'C:\\xampp\\htdocs\\pos\\app\\Libraries/cfdi_sat/', '')
 3 APPPATH\Libraries\cfdi_sat\satxmlsv33.php(27): GeneraXML->satxmlsv33_genera_xml([...], '', 'C:\\xampp\\htdocs\\pos\\app\\Libraries/cfdi_sat/', '')
 4 APPPATH\Controllers\Factura.php(64): GeneraXML->satxmlsv33([...], '', 'C:\\xampp\\htdocs\\pos\\app\\Libraries/cfdi_sat/', '')
 5 SYSTEMPATH\CodeIgniter.php(933): App\Controllers\Factura->facturar('14')
 6 SYSTEMPATH\CodeIgniter.php(507): CodeIgniter\CodeIgniter->runController(Object(App\Controllers\Factura))
 7 SYSTEMPATH\CodeIgniter.php(354): CodeIgniter\CodeIgniter->handleRequest(null, Object(Config\Cache), false)
 8 SYSTEMPATH\Boot.php(363): CodeIgniter\CodeIgniter->run()
 9 SYSTEMPATH\Boot.php(68): CodeIgniter\Boot::runCodeIgniter(Object(CodeIgniter\CodeIgniter))
10 FCPATH\index.php(59): CodeIgniter\Boot::bootWeb(Object(Config\Paths))
WARNING - 2025-12-01 10:01:50 --> [DEPRECATED] Function utf8_encode() is deprecated in APPPATH\Libraries\cfdi_sat\satxmlsv33.php on line 242.
 1 APPPATH\Libraries\cfdi_sat\satxmlsv33.php(64): GeneraXML->satxmlsv33_cargaAtt(Object(DOMElement), [...])
 2 APPPATH\Libraries\cfdi_sat\satxmlsv33.php(39): GeneraXML->satxmlsv33_generales([...], '', 'C:\\xampp\\htdocs\\pos\\app\\Libraries/cfdi_sat/', '')
 3 APPPATH\Libraries\cfdi_sat\satxmlsv33.php(27): GeneraXML->satxmlsv33_genera_xml([...], '', 'C:\\xampp\\htdocs\\pos\\app\\Libraries/cfdi_sat/', '')
 4 APPPATH\Controllers\Factura.php(64): GeneraXML->satxmlsv33([...], '', 'C:\\xampp\\htdocs\\pos\\app\\Libraries/cfdi_sat/', '')
 5 SYSTEMPATH\CodeIgniter.php(933): App\Controllers\Factura->facturar('14')
 6 SYSTEMPATH\CodeIgniter.php(507): CodeIgniter\CodeIgniter->runController(Object(App\Controllers\Factura))
 7 SYSTEMPATH\CodeIgniter.php(354): CodeIgniter\CodeIgniter->handleRequest(null, Object(Config\Cache), false)
 8 SYSTEMPATH\Boot.php(363): CodeIgniter\CodeIgniter->run()
 9 SYSTEMPATH\Boot.php(68): CodeIgniter\Boot::runCodeIgniter(Object(CodeIgniter\CodeIgniter))
10 FCPATH\index.php(59): CodeIgniter\Boot::bootWeb(Object(Config\Paths))
WARNING - 2025-12-01 10:01:50 --> [DEPRECATED] Function utf8_encode() is deprecated in APPPATH\Libraries\cfdi_sat\satxmlsv33.php on line 242.
 1 APPPATH\Libraries\cfdi_sat\satxmlsv33.php(64): GeneraXML->satxmlsv33_cargaAtt(Object(DOMElement), [...])
 2 APPPATH\Libraries\cfdi_sat\satxmlsv33.php(39): GeneraXML->satxmlsv33_generales([...], '', 'C:\\xampp\\htdocs\\pos\\app\\Libraries/cfdi_sat/', '')
 3 APPPATH\Libraries\cfdi_sat\satxmlsv33.php(27): GeneraXML->satxmlsv33_genera_xml([...], '', 'C:\\xampp\\htdocs\\pos\\app\\Libraries/cfdi_sat/', '')
 4 APPPATH\Controllers\Factura.php(64): GeneraXML->satxmlsv33([...], '', 'C:\\xampp\\htdocs\\pos\\app\\Libraries/cfdi_sat/', '')
 5 SYSTEMPATH\CodeIgniter.php(933): App\Controllers\Factura->facturar('14')
 6 SYSTEMPATH\CodeIgniter.php(507): CodeIgniter\CodeIgniter->runController(Object(App\Controllers\Factura))
 7 SYSTEMPATH\CodeIgniter.php(354): CodeIgniter\CodeIgniter->handleRequest(null, Object(Config\Cache), false)
 8 SYSTEMPATH\Boot.php(363): CodeIgniter\CodeIgniter->run()
 9 SYSTEMPATH\Boot.php(68): CodeIgniter\Boot::runCodeIgniter(Object(CodeIgniter\CodeIgniter))
10 FCPATH\index.php(59): CodeIgniter\Boot::bootWeb(Object(Config\Paths))
WARNING - 2025-12-01 10:01:50 --> [DEPRECATED] Function utf8_encode() is deprecated in APPPATH\Libraries\cfdi_sat\satxmlsv33.php on line 242.
 1 APPPATH\Libraries\cfdi_sat\satxmlsv33.php(64): GeneraXML->satxmlsv33_cargaAtt(Object(DOMElement), [...])
 2 APPPATH\Libraries\cfdi_sat\satxmlsv33.php(39): GeneraXML->satxmlsv33_generales([...], '', 'C:\\xampp\\htdocs\\pos\\app\\Libraries/cfdi_sat/', '')
 3 APPPATH\Libraries\cfdi_sat\satxmlsv33.php(27): GeneraXML->satxmlsv33_genera_xml([...], '', 'C:\\xampp\\htdocs\\pos\\app\\Libraries/cfdi_sat/', '')
 4 APPPATH\Controllers\Factura.php(64): GeneraXML->satxmlsv33([...], '', 'C:\\xampp\\htdocs\\pos\\app\\Libraries/cfdi_sat/', '')
 5 SYSTEMPATH\CodeIgniter.php(933): App\Controllers\Factura->facturar('14')
 6 SYSTEMPATH\CodeIgniter.php(507): CodeIgniter\CodeIgniter->runController(Object(App\Controllers\Factura))
 7 SYSTEMPATH\CodeIgniter.php(354): CodeIgniter\CodeIgniter->handleRequest(null, Object(Config\Cache), false)
 8 SYSTEMPATH\Boot.php(363): CodeIgniter\CodeIgniter->run()
 9 SYSTEMPATH\Boot.php(68): CodeIgniter\Boot::runCodeIgniter(Object(CodeIgniter\CodeIgniter))
10 FCPATH\index.php(59): CodeIgniter\Boot::bootWeb(Object(Config\Paths))
WARNING - 2025-12-01 10:01:50 --> [DEPRECATED] Function utf8_encode() is deprecated in APPPATH\Libraries\cfdi_sat\satxmlsv33.php on line 242.
 1 APPPATH\Libraries\cfdi_sat\satxmlsv33.php(64): GeneraXML->satxmlsv33_cargaAtt(Object(DOMElement), [...])
 2 APPPATH\Libraries\cfdi_sat\satxmlsv33.php(39): GeneraXML->satxmlsv33_generales([...], '', 'C:\\xampp\\htdocs\\pos\\app\\Libraries/cfdi_sat/', '')
 3 APPPATH\Libraries\cfdi_sat\satxmlsv33.php(27): GeneraXML->satxmlsv33_genera_xml([...], '', 'C:\\xampp\\htdocs\\pos\\app\\Libraries/cfdi_sat/', '')
 4 APPPATH\Controllers\Factura.php(64): GeneraXML->satxmlsv33([...], '', 'C:\\xampp\\htdocs\\pos\\app\\Libraries/cfdi_sat/', '')
 5 SYSTEMPATH\CodeIgniter.php(933): App\Controllers\Factura->facturar('14')
 6 SYSTEMPATH\CodeIgniter.php(507): CodeIgniter\CodeIgniter->runController(Object(App\Controllers\Factura))
 7 SYSTEMPATH\CodeIgniter.php(354): CodeIgniter\CodeIgniter->handleRequest(null, Object(Config\Cache), false)
 8 SYSTEMPATH\Boot.php(363): CodeIgniter\CodeIgniter->run()
 9 SYSTEMPATH\Boot.php(68): CodeIgniter\Boot::runCodeIgniter(Object(CodeIgniter\CodeIgniter))
10 FCPATH\index.php(59): CodeIgniter\Boot::bootWeb(Object(Config\Paths))
WARNING - 2025-12-01 10:01:50 --> [DEPRECATED] Function utf8_encode() is deprecated in APPPATH\Libraries\cfdi_sat\satxmlsv33.php on line 242.
 1 APPPATH\Libraries\cfdi_sat\satxmlsv33.php(64): GeneraXML->satxmlsv33_cargaAtt(Object(DOMElement), [...])
 2 APPPATH\Libraries\cfdi_sat\satxmlsv33.php(39): GeneraXML->satxmlsv33_generales([...], '', 'C:\\xampp\\htdocs\\pos\\app\\Libraries/cfdi_sat/', '')
 3 APPPATH\Libraries\cfdi_sat\satxmlsv33.php(27): GeneraXML->satxmlsv33_genera_xml([...], '', 'C:\\xampp\\htdocs\\pos\\app\\Libraries/cfdi_sat/', '')
 4 APPPATH\Controllers\Factura.php(64): GeneraXML->satxmlsv33([...], '', 'C:\\xampp\\htdocs\\pos\\app\\Libraries/cfdi_sat/', '')
 5 SYSTEMPATH\CodeIgniter.php(933): App\Controllers\Factura->facturar('14')
 6 SYSTEMPATH\CodeIgniter.php(507): CodeIgniter\CodeIgniter->runController(Object(App\Controllers\Factura))
 7 SYSTEMPATH\CodeIgniter.php(354): CodeIgniter\CodeIgniter->handleRequest(null, Object(Config\Cache), false)
 8 SYSTEMPATH\Boot.php(363): CodeIgniter\CodeIgniter->run()
 9 SYSTEMPATH\Boot.php(68): CodeIgniter\Boot::runCodeIgniter(Object(CodeIgniter\CodeIgniter))
10 FCPATH\index.php(59): CodeIgniter\Boot::bootWeb(Object(Config\Paths))
WARNING - 2025-12-01 10:01:50 --> [DEPRECATED] Function utf8_encode() is deprecated in APPPATH\Libraries\cfdi_sat\satxmlsv33.php on line 242.
 1 APPPATH\Libraries\cfdi_sat\satxmlsv33.php(64): GeneraXML->satxmlsv33_cargaAtt(Object(DOMElement), [...])
 2 APPPATH\Libraries\cfdi_sat\satxmlsv33.php(39): GeneraXML->satxmlsv33_generales([...], '', 'C:\\xampp\\htdocs\\pos\\app\\Libraries/cfdi_sat/', '')
 3 APPPATH\Libraries\cfdi_sat\satxmlsv33.php(27): GeneraXML->satxmlsv33_genera_xml([...], '', 'C:\\xampp\\htdocs\\pos\\app\\Libraries/cfdi_sat/', '')
 4 APPPATH\Controllers\Factura.php(64): GeneraXML->satxmlsv33([...], '', 'C:\\xampp\\htdocs\\pos\\app\\Libraries/cfdi_sat/', '')
 5 SYSTEMPATH\CodeIgniter.php(933): App\Controllers\Factura->facturar('14')
 6 SYSTEMPATH\CodeIgniter.php(507): CodeIgniter\CodeIgniter->runController(Object(App\Controllers\Factura))
 7 SYSTEMPATH\CodeIgniter.php(354): CodeIgniter\CodeIgniter->handleRequest(null, Object(Config\Cache), false)
 8 SYSTEMPATH\Boot.php(363): CodeIgniter\CodeIgniter->run()
 9 SYSTEMPATH\Boot.php(68): CodeIgniter\Boot::runCodeIgniter(Object(CodeIgniter\CodeIgniter))
10 FCPATH\index.php(59): CodeIgniter\Boot::bootWeb(Object(Config\Paths))
WARNING - 2025-12-01 10:01:50 --> [DEPRECATED] Function utf8_encode() is deprecated in APPPATH\Libraries\cfdi_sat\satxmlsv33.php on line 242.
 1 APPPATH\Libraries\cfdi_sat\satxmlsv33.php(64): GeneraXML->satxmlsv33_cargaAtt(Object(DOMElement), [...])
 2 APPPATH\Libraries\cfdi_sat\satxmlsv33.php(39): GeneraXML->satxmlsv33_generales([...], '', 'C:\\xampp\\htdocs\\pos\\app\\Libraries/cfdi_sat/', '')
 3 APPPATH\Libraries\cfdi_sat\satxmlsv33.php(27): GeneraXML->satxmlsv33_genera_xml([...], '', 'C:\\xampp\\htdocs\\pos\\app\\Libraries/cfdi_sat/', '')
 4 APPPATH\Controllers\Factura.php(64): GeneraXML->satxmlsv33([...], '', 'C:\\xampp\\htdocs\\pos\\app\\Libraries/cfdi_sat/', '')
 5 SYSTEMPATH\CodeIgniter.php(933): App\Controllers\Factura->facturar('14')
 6 SYSTEMPATH\CodeIgniter.php(507): CodeIgniter\CodeIgniter->runController(Object(App\Controllers\Factura))
 7 SYSTEMPATH\CodeIgniter.php(354): CodeIgniter\CodeIgniter->handleRequest(null, Object(Config\Cache), false)
 8 SYSTEMPATH\Boot.php(363): CodeIgniter\CodeIgniter->run()
 9 SYSTEMPATH\Boot.php(68): CodeIgniter\Boot::runCodeIgniter(Object(CodeIgniter\CodeIgniter))
10 FCPATH\index.php(59): CodeIgniter\Boot::bootWeb(Object(Config\Paths))
WARNING - 2025-12-01 10:01:50 --> [DEPRECATED] Function utf8_encode() is deprecated in APPPATH\Libraries\cfdi_sat\satxmlsv33.php on line 242.
 1 APPPATH\Libraries\cfdi_sat\satxmlsv33.php(64): GeneraXML->satxmlsv33_cargaAtt(Object(DOMElement), [...])
 2 APPPATH\Libraries\cfdi_sat\satxmlsv33.php(39): GeneraXML->satxmlsv33_generales([...], '', 'C:\\xampp\\htdocs\\pos\\app\\Libraries/cfdi_sat/', '')
 3 APPPATH\Libraries\cfdi_sat\satxmlsv33.php(27): GeneraXML->satxmlsv33_genera_xml([...], '', 'C:\\xampp\\htdocs\\pos\\app\\Libraries/cfdi_sat/', '')
 4 APPPATH\Controllers\Factura.php(64): GeneraXML->satxmlsv33([...], '', 'C:\\xampp\\htdocs\\pos\\app\\Libraries/cfdi_sat/', '')
 5 SYSTEMPATH\CodeIgniter.php(933): App\Controllers\Factura->facturar('14')
 6 SYSTEMPATH\CodeIgniter.php(507): CodeIgniter\CodeIgniter->runController(Object(App\Controllers\Factura))
 7 SYSTEMPATH\CodeIgniter.php(354): CodeIgniter\CodeIgniter->handleRequest(null, Object(Config\Cache), false)
 8 SYSTEMPATH\Boot.php(363): CodeIgniter\CodeIgniter->run()
 9 SYSTEMPATH\Boot.php(68): CodeIgniter\Boot::runCodeIgniter(Object(CodeIgniter\CodeIgniter))
10 FCPATH\index.php(59): CodeIgniter\Boot::bootWeb(Object(Config\Paths))
WARNING - 2025-12-01 10:01:50 --> [DEPRECATED] strlen(): Passing null to parameter #1 ($string) of type string is deprecated in APPPATH\Libraries\cfdi_sat\satxmlsv33.php on line 232.
 1 APPPATH\Libraries\cfdi_sat\satxmlsv33.php(64): GeneraXML->satxmlsv33_cargaAtt(Object(DOMElement), [...])
 2 APPPATH\Libraries\cfdi_sat\satxmlsv33.php(39): GeneraXML->satxmlsv33_generales([...], '', 'C:\\xampp\\htdocs\\pos\\app\\Libraries/cfdi_sat/', '')
 3 APPPATH\Libraries\cfdi_sat\satxmlsv33.php(27): GeneraXML->satxmlsv33_genera_xml([...], '', 'C:\\xampp\\htdocs\\pos\\app\\Libraries/cfdi_sat/', '')
 4 APPPATH\Controllers\Factura.php(64): GeneraXML->satxmlsv33([...], '', 'C:\\xampp\\htdocs\\pos\\app\\Libraries/cfdi_sat/', '')
 5 SYSTEMPATH\CodeIgniter.php(933): App\Controllers\Factura->facturar('14')
 6 SYSTEMPATH\CodeIgniter.php(507): CodeIgniter\CodeIgniter->runController(Object(App\Controllers\Factura))
 7 SYSTEMPATH\CodeIgniter.php(354): CodeIgniter\CodeIgniter->handleRequest(null, Object(Config\Cache), false)
 8 SYSTEMPATH\Boot.php(363): CodeIgniter\CodeIgniter->run()
 9 SYSTEMPATH\Boot.php(68): CodeIgniter\Boot::runCodeIgniter(Object(CodeIgniter\CodeIgniter))
10 FCPATH\index.php(59): CodeIgniter\Boot::bootWeb(Object(Config\Paths))
WARNING - 2025-12-01 10:01:50 --> [DEPRECATED] preg_replace(): Passing null to parameter #3 ($subject) of type array|string is deprecated in APPPATH\Libraries\cfdi_sat\satxmlsv33.php on line 238.
 1 APPPATH\Libraries\cfdi_sat\satxmlsv33.php(238): preg_replace('/\\s\\s+/', ' ', null)
 2 APPPATH\Libraries\cfdi_sat\satxmlsv33.php(64): GeneraXML->satxmlsv33_cargaAtt(Object(DOMElement), [...])
 3 APPPATH\Libraries\cfdi_sat\satxmlsv33.php(39): GeneraXML->satxmlsv33_generales([...], '', 'C:\\xampp\\htdocs\\pos\\app\\Libraries/cfdi_sat/', '')
 4 APPPATH\Libraries\cfdi_sat\satxmlsv33.php(27): GeneraXML->satxmlsv33_genera_xml([...], '', 'C:\\xampp\\htdocs\\pos\\app\\Libraries/cfdi_sat/', '')
 5 APPPATH\Controllers\Factura.php(64): GeneraXML->satxmlsv33([...], '', 'C:\\xampp\\htdocs\\pos\\app\\Libraries/cfdi_sat/', '')
 6 SYSTEMPATH\CodeIgniter.php(933): App\Controllers\Factura->facturar('14')
 7 SYSTEMPATH\CodeIgniter.php(507): CodeIgniter\CodeIgniter->runController(Object(App\Controllers\Factura))
 8 SYSTEMPATH\CodeIgniter.php(354): CodeIgniter\CodeIgniter->handleRequest(null, Object(Config\Cache), false)
 9 SYSTEMPATH\Boot.php(363): CodeIgniter\CodeIgniter->run()
10 SYSTEMPATH\Boot.php(68): CodeIgniter\Boot::runCodeIgniter(Object(CodeIgniter\CodeIgniter))
11 FCPATH\index.php(59): CodeIgniter\Boot::bootWeb(Object(Config\Paths))
WARNING - 2025-12-01 10:01:50 --> [DEPRECATED] strlen(): Passing null to parameter #1 ($string) of type string is deprecated in APPPATH\Libraries\cfdi_sat\satxmlsv33.php on line 232.
 1 APPPATH\Libraries\cfdi_sat\satxmlsv33.php(64): GeneraXML->satxmlsv33_cargaAtt(Object(DOMElement), [...])
 2 APPPATH\Libraries\cfdi_sat\satxmlsv33.php(39): GeneraXML->satxmlsv33_generales([...], '', 'C:\\xampp\\htdocs\\pos\\app\\Libraries/cfdi_sat/', '')
 3 APPPATH\Libraries\cfdi_sat\satxmlsv33.php(27): GeneraXML->satxmlsv33_genera_xml([...], '', 'C:\\xampp\\htdocs\\pos\\app\\Libraries/cfdi_sat/', '')
 4 APPPATH\Controllers\Factura.php(64): GeneraXML->satxmlsv33([...], '', 'C:\\xampp\\htdocs\\pos\\app\\Libraries/cfdi_sat/', '')
 5 SYSTEMPATH\CodeIgniter.php(933): App\Controllers\Factura->facturar('14')
 6 SYSTEMPATH\CodeIgniter.php(507): CodeIgniter\CodeIgniter->runController(Object(App\Controllers\Factura))
 7 SYSTEMPATH\CodeIgniter.php(354): CodeIgniter\CodeIgniter->handleRequest(null, Object(Config\Cache), false)
 8 SYSTEMPATH\Boot.php(363): CodeIgniter\CodeIgniter->run()
 9 SYSTEMPATH\Boot.php(68): CodeIgniter\Boot::runCodeIgniter(Object(CodeIgniter\CodeIgniter))
10 FCPATH\index.php(59): CodeIgniter\Boot::bootWeb(Object(Config\Paths))
WARNING - 2025-12-01 10:01:50 --> [DEPRECATED] preg_replace(): Passing null to parameter #3 ($subject) of type array|string is deprecated in APPPATH\Libraries\cfdi_sat\satxmlsv33.php on line 238.
 1 APPPATH\Libraries\cfdi_sat\satxmlsv33.php(238): preg_replace('/\\s\\s+/', ' ', null)
 2 APPPATH\Libraries\cfdi_sat\satxmlsv33.php(64): GeneraXML->satxmlsv33_cargaAtt(Object(DOMElement), [...])
 3 APPPATH\Libraries\cfdi_sat\satxmlsv33.php(39): GeneraXML->satxmlsv33_generales([...], '', 'C:\\xampp\\htdocs\\pos\\app\\Libraries/cfdi_sat/', '')
 4 APPPATH\Libraries\cfdi_sat\satxmlsv33.php(27): GeneraXML->satxmlsv33_genera_xml([...], '', 'C:\\xampp\\htdocs\\pos\\app\\Libraries/cfdi_sat/', '')
 5 APPPATH\Controllers\Factura.php(64): GeneraXML->satxmlsv33([...], '', 'C:\\xampp\\htdocs\\pos\\app\\Libraries/cfdi_sat/', '')
 6 SYSTEMPATH\CodeIgniter.php(933): App\Controllers\Factura->facturar('14')
 7 SYSTEMPATH\CodeIgniter.php(507): CodeIgniter\CodeIgniter->runController(Object(App\Controllers\Factura))
 8 SYSTEMPATH\CodeIgniter.php(354): CodeIgniter\CodeIgniter->handleRequest(null, Object(Config\Cache), false)
 9 SYSTEMPATH\Boot.php(363): CodeIgniter\CodeIgniter->run()
10 SYSTEMPATH\Boot.php(68): CodeIgniter\Boot::runCodeIgniter(Object(CodeIgniter\CodeIgniter))
11 FCPATH\index.php(59): CodeIgniter\Boot::bootWeb(Object(Config\Paths))
WARNING - 2025-12-01 10:01:50 --> [DEPRECATED] strlen(): Passing null to parameter #1 ($string) of type string is deprecated in APPPATH\Libraries\cfdi_sat\satxmlsv33.php on line 232.
 1 APPPATH\Libraries\cfdi_sat\satxmlsv33.php(64): GeneraXML->satxmlsv33_cargaAtt(Object(DOMElement), [...])
 2 APPPATH\Libraries\cfdi_sat\satxmlsv33.php(39): GeneraXML->satxmlsv33_generales([...], '', 'C:\\xampp\\htdocs\\pos\\app\\Libraries/cfdi_sat/', '')
 3 APPPATH\Libraries\cfdi_sat\satxmlsv33.php(27): GeneraXML->satxmlsv33_genera_xml([...], '', 'C:\\xampp\\htdocs\\pos\\app\\Libraries/cfdi_sat/', '')
 4 APPPATH\Controllers\Factura.php(64): GeneraXML->satxmlsv33([...], '', 'C:\\xampp\\htdocs\\pos\\app\\Libraries/cfdi_sat/', '')
 5 SYSTEMPATH\CodeIgniter.php(933): App\Controllers\Factura->facturar('14')
 6 SYSTEMPATH\CodeIgniter.php(507): CodeIgniter\CodeIgniter->runController(Object(App\Controllers\Factura))
 7 SYSTEMPATH\CodeIgniter.php(354): CodeIgniter\CodeIgniter->handleRequest(null, Object(Config\Cache), false)
 8 SYSTEMPATH\Boot.php(363): CodeIgniter\CodeIgniter->run()
 9 SYSTEMPATH\Boot.php(68): CodeIgniter\Boot::runCodeIgniter(Object(CodeIgniter\CodeIgniter))
10 FCPATH\index.php(59): CodeIgniter\Boot::bootWeb(Object(Config\Paths))
WARNING - 2025-12-01 10:01:50 --> [DEPRECATED] preg_replace(): Passing null to parameter #3 ($subject) of type array|string is deprecated in APPPATH\Libraries\cfdi_sat\satxmlsv33.php on line 238.
 1 APPPATH\Libraries\cfdi_sat\satxmlsv33.php(238): preg_replace('/\\s\\s+/', ' ', null)
 2 APPPATH\Libraries\cfdi_sat\satxmlsv33.php(64): GeneraXML->satxmlsv33_cargaAtt(Object(DOMElement), [...])
 3 APPPATH\Libraries\cfdi_sat\satxmlsv33.php(39): GeneraXML->satxmlsv33_generales([...], '', 'C:\\xampp\\htdocs\\pos\\app\\Libraries/cfdi_sat/', '')
 4 APPPATH\Libraries\cfdi_sat\satxmlsv33.php(27): GeneraXML->satxmlsv33_genera_xml([...], '', 'C:\\xampp\\htdocs\\pos\\app\\Libraries/cfdi_sat/', '')
 5 APPPATH\Controllers\Factura.php(64): GeneraXML->satxmlsv33([...], '', 'C:\\xampp\\htdocs\\pos\\app\\Libraries/cfdi_sat/', '')
 6 SYSTEMPATH\CodeIgniter.php(933): App\Controllers\Factura->facturar('14')
 7 SYSTEMPATH\CodeIgniter.php(507): CodeIgniter\CodeIgniter->runController(Object(App\Controllers\Factura))
 8 SYSTEMPATH\CodeIgniter.php(354): CodeIgniter\CodeIgniter->handleRequest(null, Object(Config\Cache), false)
 9 SYSTEMPATH\Boot.php(363): CodeIgniter\CodeIgniter->run()
10 SYSTEMPATH\Boot.php(68): CodeIgniter\Boot::runCodeIgniter(Object(CodeIgniter\CodeIgniter))
11 FCPATH\index.php(59): CodeIgniter\Boot::bootWeb(Object(Config\Paths))
WARNING - 2025-12-01 10:01:50 --> [DEPRECATED] strlen(): Passing null to parameter #1 ($string) of type string is deprecated in APPPATH\Libraries\cfdi_sat\satxmlsv33.php on line 232.
 1 APPPATH\Libraries\cfdi_sat\satxmlsv33.php(64): GeneraXML->satxmlsv33_cargaAtt(Object(DOMElement), [...])
 2 APPPATH\Libraries\cfdi_sat\satxmlsv33.php(39): GeneraXML->satxmlsv33_generales([...], '', 'C:\\xampp\\htdocs\\pos\\app\\Libraries/cfdi_sat/', '')
 3 APPPATH\Libraries\cfdi_sat\satxmlsv33.php(27): GeneraXML->satxmlsv33_genera_xml([...], '', 'C:\\xampp\\htdocs\\pos\\app\\Libraries/cfdi_sat/', '')
 4 APPPATH\Controllers\Factura.php(64): GeneraXML->satxmlsv33([...], '', 'C:\\xampp\\htdocs\\pos\\app\\Libraries/cfdi_sat/', '')
 5 SYSTEMPATH\CodeIgniter.php(933): App\Controllers\Factura->facturar('14')
 6 SYSTEMPATH\CodeIgniter.php(507): CodeIgniter\CodeIgniter->runController(Object(App\Controllers\Factura))
 7 SYSTEMPATH\CodeIgniter.php(354): CodeIgniter\CodeIgniter->handleRequest(null, Object(Config\Cache), false)
 8 SYSTEMPATH\Boot.php(363): CodeIgniter\CodeIgniter->run()
 9 SYSTEMPATH\Boot.php(68): CodeIgniter\Boot::runCodeIgniter(Object(CodeIgniter\CodeIgniter))
10 FCPATH\index.php(59): CodeIgniter\Boot::bootWeb(Object(Config\Paths))
WARNING - 2025-12-01 10:01:50 --> [DEPRECATED] preg_replace(): Passing null to parameter #3 ($subject) of type array|string is deprecated in APPPATH\Libraries\cfdi_sat\satxmlsv33.php on line 238.
 1 APPPATH\Libraries\cfdi_sat\satxmlsv33.php(238): preg_replace('/\\s\\s+/', ' ', null)
 2 APPPATH\Libraries\cfdi_sat\satxmlsv33.php(64): GeneraXML->satxmlsv33_cargaAtt(Object(DOMElement), [...])
 3 APPPATH\Libraries\cfdi_sat\satxmlsv33.php(39): GeneraXML->satxmlsv33_generales([...], '', 'C:\\xampp\\htdocs\\pos\\app\\Libraries/cfdi_sat/', '')
 4 APPPATH\Libraries\cfdi_sat\satxmlsv33.php(27): GeneraXML->satxmlsv33_genera_xml([...], '', 'C:\\xampp\\htdocs\\pos\\app\\Libraries/cfdi_sat/', '')
 5 APPPATH\Controllers\Factura.php(64): GeneraXML->satxmlsv33([...], '', 'C:\\xampp\\htdocs\\pos\\app\\Libraries/cfdi_sat/', '')
 6 SYSTEMPATH\CodeIgniter.php(933): App\Controllers\Factura->facturar('14')
 7 SYSTEMPATH\CodeIgniter.php(507): CodeIgniter\CodeIgniter->runController(Object(App\Controllers\Factura))
 8 SYSTEMPATH\CodeIgniter.php(354): CodeIgniter\CodeIgniter->handleRequest(null, Object(Config\Cache), false)
 9 SYSTEMPATH\Boot.php(363): CodeIgniter\CodeIgniter->run()
10 SYSTEMPATH\Boot.php(68): CodeIgniter\Boot::runCodeIgniter(Object(CodeIgniter\CodeIgniter))
11 FCPATH\index.php(59): CodeIgniter\Boot::bootWeb(Object(Config\Paths))
WARNING - 2025-12-01 10:01:50 --> [DEPRECATED] Function utf8_encode() is deprecated in APPPATH\Libraries\cfdi_sat\satxmlsv33.php on line 242.
 1 APPPATH\Libraries\cfdi_sat\satxmlsv33.php(93): GeneraXML->satxmlsv33_cargaAtt(Object(DOMElement), [...])
 2 APPPATH\Libraries\cfdi_sat\satxmlsv33.php(40): GeneraXML->satxmlsv33_emisor([...], '', 'C:\\xampp\\htdocs\\pos\\app\\Libraries/cfdi_sat/', '')
 3 APPPATH\Libraries\cfdi_sat\satxmlsv33.php(27): GeneraXML->satxmlsv33_genera_xml([...], '', 'C:\\xampp\\htdocs\\pos\\app\\Libraries/cfdi_sat/', '')
 4 APPPATH\Controllers\Factura.php(64): GeneraXML->satxmlsv33([...], '', 'C:\\xampp\\htdocs\\pos\\app\\Libraries/cfdi_sat/', '')
 5 SYSTEMPATH\CodeIgniter.php(933): App\Controllers\Factura->facturar('14')
 6 SYSTEMPATH\CodeIgniter.php(507): CodeIgniter\CodeIgniter->runController(Object(App\Controllers\Factura))
 7 SYSTEMPATH\CodeIgniter.php(354): CodeIgniter\CodeIgniter->handleRequest(null, Object(Config\Cache), false)
 8 SYSTEMPATH\Boot.php(363): CodeIgniter\CodeIgniter->run()
 9 SYSTEMPATH\Boot.php(68): CodeIgniter\Boot::runCodeIgniter(Object(CodeIgniter\CodeIgniter))
10 FCPATH\index.php(59): CodeIgniter\Boot::bootWeb(Object(Config\Paths))
WARNING - 2025-12-01 10:01:50 --> [DEPRECATED] Function utf8_encode() is deprecated in APPPATH\Libraries\cfdi_sat\satxmlsv33.php on line 242.
 1 APPPATH\Libraries\cfdi_sat\satxmlsv33.php(93): GeneraXML->satxmlsv33_cargaAtt(Object(DOMElement), [...])
 2 APPPATH\Libraries\cfdi_sat\satxmlsv33.php(40): GeneraXML->satxmlsv33_emisor([...], '', 'C:\\xampp\\htdocs\\pos\\app\\Libraries/cfdi_sat/', '')
 3 APPPATH\Libraries\cfdi_sat\satxmlsv33.php(27): GeneraXML->satxmlsv33_genera_xml([...], '', 'C:\\xampp\\htdocs\\pos\\app\\Libraries/cfdi_sat/', '')
 4 APPPATH\Controllers\Factura.php(64): GeneraXML->satxmlsv33([...], '', 'C:\\xampp\\htdocs\\pos\\app\\Libraries/cfdi_sat/', '')
 5 SYSTEMPATH\CodeIgniter.php(933): App\Controllers\Factura->facturar('14')
 6 SYSTEMPATH\CodeIgniter.php(507): CodeIgniter\CodeIgniter->runController(Object(App\Controllers\Factura))
 7 SYSTEMPATH\CodeIgniter.php(354): CodeIgniter\CodeIgniter->handleRequest(null, Object(Config\Cache), false)
 8 SYSTEMPATH\Boot.php(363): CodeIgniter\CodeIgniter->run()
 9 SYSTEMPATH\Boot.php(68): CodeIgniter\Boot::runCodeIgniter(Object(CodeIgniter\CodeIgniter))
10 FCPATH\index.php(59): CodeIgniter\Boot::bootWeb(Object(Config\Paths))
WARNING - 2025-12-01 10:01:50 --> [DEPRECATED] Function utf8_encode() is deprecated in APPPATH\Libraries\cfdi_sat\satxmlsv33.php on line 242.
 1 APPPATH\Libraries\cfdi_sat\satxmlsv33.php(93): GeneraXML->satxmlsv33_cargaAtt(Object(DOMElement), [...])
 2 APPPATH\Libraries\cfdi_sat\satxmlsv33.php(40): GeneraXML->satxmlsv33_emisor([...], '', 'C:\\xampp\\htdocs\\pos\\app\\Libraries/cfdi_sat/', '')
 3 APPPATH\Libraries\cfdi_sat\satxmlsv33.php(27): GeneraXML->satxmlsv33_genera_xml([...], '', 'C:\\xampp\\htdocs\\pos\\app\\Libraries/cfdi_sat/', '')
 4 APPPATH\Controllers\Factura.php(64): GeneraXML->satxmlsv33([...], '', 'C:\\xampp\\htdocs\\pos\\app\\Libraries/cfdi_sat/', '')
 5 SYSTEMPATH\CodeIgniter.php(933): App\Controllers\Factura->facturar('14')
 6 SYSTEMPATH\CodeIgniter.php(507): CodeIgniter\CodeIgniter->runController(Object(App\Controllers\Factura))
 7 SYSTEMPATH\CodeIgniter.php(354): CodeIgniter\CodeIgniter->handleRequest(null, Object(Config\Cache), false)
 8 SYSTEMPATH\Boot.php(363): CodeIgniter\CodeIgniter->run()
 9 SYSTEMPATH\Boot.php(68): CodeIgniter\Boot::runCodeIgniter(Object(CodeIgniter\CodeIgniter))
10 FCPATH\index.php(59): CodeIgniter\Boot::bootWeb(Object(Config\Paths))
WARNING - 2025-12-01 10:01:50 --> [DEPRECATED] Function utf8_encode() is deprecated in APPPATH\Libraries\cfdi_sat\satxmlsv33.php on line 242.
 1 APPPATH\Libraries\cfdi_sat\satxmlsv33.php(105): GeneraXML->satxmlsv33_cargaAtt(Object(DOMElement), [...])
 2 APPPATH\Libraries\cfdi_sat\satxmlsv33.php(41): GeneraXML->satxmlsv33_receptor([...], '', 'C:\\xampp\\htdocs\\pos\\app\\Libraries/cfdi_sat/', '')
 3 APPPATH\Libraries\cfdi_sat\satxmlsv33.php(27): GeneraXML->satxmlsv33_genera_xml([...], '', 'C:\\xampp\\htdocs\\pos\\app\\Libraries/cfdi_sat/', '')
 4 APPPATH\Controllers\Factura.php(64): GeneraXML->satxmlsv33([...], '', 'C:\\xampp\\htdocs\\pos\\app\\Libraries/cfdi_sat/', '')
 5 SYSTEMPATH\CodeIgniter.php(933): App\Controllers\Factura->facturar('14')
 6 SYSTEMPATH\CodeIgniter.php(507): CodeIgniter\CodeIgniter->runController(Object(App\Controllers\Factura))
 7 SYSTEMPATH\CodeIgniter.php(354): CodeIgniter\CodeIgniter->handleRequest(null, Object(Config\Cache), false)
 8 SYSTEMPATH\Boot.php(363): CodeIgniter\CodeIgniter->run()
 9 SYSTEMPATH\Boot.php(68): CodeIgniter\Boot::runCodeIgniter(Object(CodeIgniter\CodeIgniter))
10 FCPATH\index.php(59): CodeIgniter\Boot::bootWeb(Object(Config\Paths))
WARNING - 2025-12-01 10:01:50 --> [DEPRECATED] Function utf8_encode() is deprecated in APPPATH\Libraries\cfdi_sat\satxmlsv33.php on line 242.
 1 APPPATH\Libraries\cfdi_sat\satxmlsv33.php(105): GeneraXML->satxmlsv33_cargaAtt(Object(DOMElement), [...])
 2 APPPATH\Libraries\cfdi_sat\satxmlsv33.php(41): GeneraXML->satxmlsv33_receptor([...], '', 'C:\\xampp\\htdocs\\pos\\app\\Libraries/cfdi_sat/', '')
 3 APPPATH\Libraries\cfdi_sat\satxmlsv33.php(27): GeneraXML->satxmlsv33_genera_xml([...], '', 'C:\\xampp\\htdocs\\pos\\app\\Libraries/cfdi_sat/', '')
 4 APPPATH\Controllers\Factura.php(64): GeneraXML->satxmlsv33([...], '', 'C:\\xampp\\htdocs\\pos\\app\\Libraries/cfdi_sat/', '')
 5 SYSTEMPATH\CodeIgniter.php(933): App\Controllers\Factura->facturar('14')
 6 SYSTEMPATH\CodeIgniter.php(507): CodeIgniter\CodeIgniter->runController(Object(App\Controllers\Factura))
 7 SYSTEMPATH\CodeIgniter.php(354): CodeIgniter\CodeIgniter->handleRequest(null, Object(Config\Cache), false)
 8 SYSTEMPATH\Boot.php(363): CodeIgniter\CodeIgniter->run()
 9 SYSTEMPATH\Boot.php(68): CodeIgniter\Boot::runCodeIgniter(Object(CodeIgniter\CodeIgniter))
10 FCPATH\index.php(59): CodeIgniter\Boot::bootWeb(Object(Config\Paths))
WARNING - 2025-12-01 10:01:50 --> [DEPRECATED] Function utf8_encode() is deprecated in APPPATH\Libraries\cfdi_sat\satxmlsv33.php on line 242.
 1 APPPATH\Libraries\cfdi_sat\satxmlsv33.php(105): GeneraXML->satxmlsv33_cargaAtt(Object(DOMElement), [...])
 2 APPPATH\Libraries\cfdi_sat\satxmlsv33.php(41): GeneraXML->satxmlsv33_receptor([...], '', 'C:\\xampp\\htdocs\\pos\\app\\Libraries/cfdi_sat/', '')
 3 APPPATH\Libraries\cfdi_sat\satxmlsv33.php(27): GeneraXML->satxmlsv33_genera_xml([...], '', 'C:\\xampp\\htdocs\\pos\\app\\Libraries/cfdi_sat/', '')
 4 APPPATH\Controllers\Factura.php(64): GeneraXML->satxmlsv33([...], '', 'C:\\xampp\\htdocs\\pos\\app\\Libraries/cfdi_sat/', '')
 5 SYSTEMPATH\CodeIgniter.php(933): App\Controllers\Factura->facturar('14')
 6 SYSTEMPATH\CodeIgniter.php(507): CodeIgniter\CodeIgniter->runController(Object(App\Controllers\Factura))
 7 SYSTEMPATH\CodeIgniter.php(354): CodeIgniter\CodeIgniter->handleRequest(null, Object(Config\Cache), false)
 8 SYSTEMPATH\Boot.php(363): CodeIgniter\CodeIgniter->run()
 9 SYSTEMPATH\Boot.php(68): CodeIgniter\Boot::runCodeIgniter(Object(CodeIgniter\CodeIgniter))
10 FCPATH\index.php(59): CodeIgniter\Boot::bootWeb(Object(Config\Paths))
WARNING - 2025-12-01 10:01:50 --> [DEPRECATED] Function utf8_encode() is deprecated in APPPATH\Libraries\cfdi_sat\satxmlsv33.php on line 242.
 1 APPPATH\Libraries\cfdi_sat\satxmlsv33.php(123): GeneraXML->satxmlsv33_cargaAtt(Object(DOMElement), [...])
 2 APPPATH\Libraries\cfdi_sat\satxmlsv33.php(42): GeneraXML->satxmlsv33_conceptos([...], '', 'C:\\xampp\\htdocs\\pos\\app\\Libraries/cfdi_sat/', '')
 3 APPPATH\Libraries\cfdi_sat\satxmlsv33.php(27): GeneraXML->satxmlsv33_genera_xml([...], '', 'C:\\xampp\\htdocs\\pos\\app\\Libraries/cfdi_sat/', '')
 4 APPPATH\Controllers\Factura.php(64): GeneraXML->satxmlsv33([...], '', 'C:\\xampp\\htdocs\\pos\\app\\Libraries/cfdi_sat/', '')
 5 SYSTEMPATH\CodeIgniter.php(933): App\Controllers\Factura->facturar('14')
 6 SYSTEMPATH\CodeIgniter.php(507): CodeIgniter\CodeIgniter->runController(Object(App\Controllers\Factura))
 7 SYSTEMPATH\CodeIgniter.php(354): CodeIgniter\CodeIgniter->handleRequest(null, Object(Config\Cache), false)
 8 SYSTEMPATH\Boot.php(363): CodeIgniter\CodeIgniter->run()
 9 SYSTEMPATH\Boot.php(68): CodeIgniter\Boot::runCodeIgniter(Object(CodeIgniter\CodeIgniter))
10 FCPATH\index.php(59): CodeIgniter\Boot::bootWeb(Object(Config\Paths))
WARNING - 2025-12-01 10:01:50 --> [DEPRECATED] Function utf8_encode() is deprecated in APPPATH\Libraries\cfdi_sat\satxmlsv33.php on line 242.
 1 APPPATH\Libraries\cfdi_sat\satxmlsv33.php(123): GeneraXML->satxmlsv33_cargaAtt(Object(DOMElement), [...])
 2 APPPATH\Libraries\cfdi_sat\satxmlsv33.php(42): GeneraXML->satxmlsv33_conceptos([...], '', 'C:\\xampp\\htdocs\\pos\\app\\Libraries/cfdi_sat/', '')
 3 APPPATH\Libraries\cfdi_sat\satxmlsv33.php(27): GeneraXML->satxmlsv33_genera_xml([...], '', 'C:\\xampp\\htdocs\\pos\\app\\Libraries/cfdi_sat/', '')
 4 APPPATH\Controllers\Factura.php(64): GeneraXML->satxmlsv33([...], '', 'C:\\xampp\\htdocs\\pos\\app\\Libraries/cfdi_sat/', '')
 5 SYSTEMPATH\CodeIgniter.php(933): App\Controllers\Factura->facturar('14')
 6 SYSTEMPATH\CodeIgniter.php(507): CodeIgniter\CodeIgniter->runController(Object(App\Controllers\Factura))
 7 SYSTEMPATH\CodeIgniter.php(354): CodeIgniter\CodeIgniter->handleRequest(null, Object(Config\Cache), false)
 8 SYSTEMPATH\Boot.php(363): CodeIgniter\CodeIgniter->run()
 9 SYSTEMPATH\Boot.php(68): CodeIgniter\Boot::runCodeIgniter(Object(CodeIgniter\CodeIgniter))
10 FCPATH\index.php(59): CodeIgniter\Boot::bootWeb(Object(Config\Paths))
WARNING - 2025-12-01 10:01:50 --> [DEPRECATED] Function utf8_encode() is deprecated in APPPATH\Libraries\cfdi_sat\satxmlsv33.php on line 242.
 1 APPPATH\Libraries\cfdi_sat\satxmlsv33.php(123): GeneraXML->satxmlsv33_cargaAtt(Object(DOMElement), [...])
 2 APPPATH\Libraries\cfdi_sat\satxmlsv33.php(42): GeneraXML->satxmlsv33_conceptos([...], '', 'C:\\xampp\\htdocs\\pos\\app\\Libraries/cfdi_sat/', '')
 3 APPPATH\Libraries\cfdi_sat\satxmlsv33.php(27): GeneraXML->satxmlsv33_genera_xml([...], '', 'C:\\xampp\\htdocs\\pos\\app\\Libraries/cfdi_sat/', '')
 4 APPPATH\Controllers\Factura.php(64): GeneraXML->satxmlsv33([...], '', 'C:\\xampp\\htdocs\\pos\\app\\Libraries/cfdi_sat/', '')
 5 SYSTEMPATH\CodeIgniter.php(933): App\Controllers\Factura->facturar('14')
 6 SYSTEMPATH\CodeIgniter.php(507): CodeIgniter\CodeIgniter->runController(Object(App\Controllers\Factura))
 7 SYSTEMPATH\CodeIgniter.php(354): CodeIgniter\CodeIgniter->handleRequest(null, Object(Config\Cache), false)
 8 SYSTEMPATH\Boot.php(363): CodeIgniter\CodeIgniter->run()
 9 SYSTEMPATH\Boot.php(68): CodeIgniter\Boot::runCodeIgniter(Object(CodeIgniter\CodeIgniter))
10 FCPATH\index.php(59): CodeIgniter\Boot::bootWeb(Object(Config\Paths))
WARNING - 2025-12-01 10:01:50 --> [DEPRECATED] Function utf8_encode() is deprecated in APPPATH\Libraries\cfdi_sat\satxmlsv33.php on line 242.
 1 APPPATH\Libraries\cfdi_sat\satxmlsv33.php(123): GeneraXML->satxmlsv33_cargaAtt(Object(DOMElement), [...])
 2 APPPATH\Libraries\cfdi_sat\satxmlsv33.php(42): GeneraXML->satxmlsv33_conceptos([...], '', 'C:\\xampp\\htdocs\\pos\\app\\Libraries/cfdi_sat/', '')
 3 APPPATH\Libraries\cfdi_sat\satxmlsv33.php(27): GeneraXML->satxmlsv33_genera_xml([...], '', 'C:\\xampp\\htdocs\\pos\\app\\Libraries/cfdi_sat/', '')
 4 APPPATH\Controllers\Factura.php(64): GeneraXML->satxmlsv33([...], '', 'C:\\xampp\\htdocs\\pos\\app\\Libraries/cfdi_sat/', '')
 5 SYSTEMPATH\CodeIgniter.php(933): App\Controllers\Factura->facturar('14')
 6 SYSTEMPATH\CodeIgniter.php(507): CodeIgniter\CodeIgniter->runController(Object(App\Controllers\Factura))
 7 SYSTEMPATH\CodeIgniter.php(354): CodeIgniter\CodeIgniter->handleRequest(null, Object(Config\Cache), false)
 8 SYSTEMPATH\Boot.php(363): CodeIgniter\CodeIgniter->run()
 9 SYSTEMPATH\Boot.php(68): CodeIgniter\Boot::runCodeIgniter(Object(CodeIgniter\CodeIgniter))
10 FCPATH\index.php(59): CodeIgniter\Boot::bootWeb(Object(Config\Paths))
WARNING - 2025-12-01 10:01:50 --> [DEPRECATED] Function utf8_encode() is deprecated in APPPATH\Libraries\cfdi_sat\satxmlsv33.php on line 242.
 1 APPPATH\Libraries\cfdi_sat\satxmlsv33.php(123): GeneraXML->satxmlsv33_cargaAtt(Object(DOMElement), [...])
 2 APPPATH\Libraries\cfdi_sat\satxmlsv33.php(42): GeneraXML->satxmlsv33_conceptos([...], '', 'C:\\xampp\\htdocs\\pos\\app\\Libraries/cfdi_sat/', '')
 3 APPPATH\Libraries\cfdi_sat\satxmlsv33.php(27): GeneraXML->satxmlsv33_genera_xml([...], '', 'C:\\xampp\\htdocs\\pos\\app\\Libraries/cfdi_sat/', '')
 4 APPPATH\Controllers\Factura.php(64): GeneraXML->satxmlsv33([...], '', 'C:\\xampp\\htdocs\\pos\\app\\Libraries/cfdi_sat/', '')
 5 SYSTEMPATH\CodeIgniter.php(933): App\Controllers\Factura->facturar('14')
 6 SYSTEMPATH\CodeIgniter.php(507): CodeIgniter\CodeIgniter->runController(Object(App\Controllers\Factura))
 7 SYSTEMPATH\CodeIgniter.php(354): CodeIgniter\CodeIgniter->handleRequest(null, Object(Config\Cache), false)
 8 SYSTEMPATH\Boot.php(363): CodeIgniter\CodeIgniter->run()
 9 SYSTEMPATH\Boot.php(68): CodeIgniter\Boot::runCodeIgniter(Object(CodeIgniter\CodeIgniter))
10 FCPATH\index.php(59): CodeIgniter\Boot::bootWeb(Object(Config\Paths))
WARNING - 2025-12-01 10:01:50 --> [DEPRECATED] Function utf8_encode() is deprecated in APPPATH\Libraries\cfdi_sat\satxmlsv33.php on line 242.
 1 APPPATH\Libraries\cfdi_sat\satxmlsv33.php(123): GeneraXML->satxmlsv33_cargaAtt(Object(DOMElement), [...])
 2 APPPATH\Libraries\cfdi_sat\satxmlsv33.php(42): GeneraXML->satxmlsv33_conceptos([...], '', 'C:\\xampp\\htdocs\\pos\\app\\Libraries/cfdi_sat/', '')
 3 APPPATH\Libraries\cfdi_sat\satxmlsv33.php(27): GeneraXML->satxmlsv33_genera_xml([...], '', 'C:\\xampp\\htdocs\\pos\\app\\Libraries/cfdi_sat/', '')
 4 APPPATH\Controllers\Factura.php(64): GeneraXML->satxmlsv33([...], '', 'C:\\xampp\\htdocs\\pos\\app\\Libraries/cfdi_sat/', '')
 5 SYSTEMPATH\CodeIgniter.php(933): App\Controllers\Factura->facturar('14')
 6 SYSTEMPATH\CodeIgniter.php(507): CodeIgniter\CodeIgniter->runController(Object(App\Controllers\Factura))
 7 SYSTEMPATH\CodeIgniter.php(354): CodeIgniter\CodeIgniter->handleRequest(null, Object(Config\Cache), false)
 8 SYSTEMPATH\Boot.php(363): CodeIgniter\CodeIgniter->run()
 9 SYSTEMPATH\Boot.php(68): CodeIgniter\Boot::runCodeIgniter(Object(CodeIgniter\CodeIgniter))
10 FCPATH\index.php(59): CodeIgniter\Boot::bootWeb(Object(Config\Paths))
WARNING - 2025-12-01 10:01:50 --> [DEPRECATED] Function utf8_encode() is deprecated in APPPATH\Libraries\cfdi_sat\satxmlsv33.php on line 242.
 1 APPPATH\Libraries\cfdi_sat\satxmlsv33.php(123): GeneraXML->satxmlsv33_cargaAtt(Object(DOMElement), [...])
 2 APPPATH\Libraries\cfdi_sat\satxmlsv33.php(42): GeneraXML->satxmlsv33_conceptos([...], '', 'C:\\xampp\\htdocs\\pos\\app\\Libraries/cfdi_sat/', '')
 3 APPPATH\Libraries\cfdi_sat\satxmlsv33.php(27): GeneraXML->satxmlsv33_genera_xml([...], '', 'C:\\xampp\\htdocs\\pos\\app\\Libraries/cfdi_sat/', '')
 4 APPPATH\Controllers\Factura.php(64): GeneraXML->satxmlsv33([...], '', 'C:\\xampp\\htdocs\\pos\\app\\Libraries/cfdi_sat/', '')
 5 SYSTEMPATH\CodeIgniter.php(933): App\Controllers\Factura->facturar('14')
 6 SYSTEMPATH\CodeIgniter.php(507): CodeIgniter\CodeIgniter->runController(Object(App\Controllers\Factura))
 7 SYSTEMPATH\CodeIgniter.php(354): CodeIgniter\CodeIgniter->handleRequest(null, Object(Config\Cache), false)
 8 SYSTEMPATH\Boot.php(363): CodeIgniter\CodeIgniter->run()
 9 SYSTEMPATH\Boot.php(68): CodeIgniter\Boot::runCodeIgniter(Object(CodeIgniter\CodeIgniter))
10 FCPATH\index.php(59): CodeIgniter\Boot::bootWeb(Object(Config\Paths))
WARNING - 2025-12-01 10:01:50 --> [DEPRECATED] Function utf8_encode() is deprecated in APPPATH\Libraries\cfdi_sat\satxmlsv33.php on line 242.
 1 APPPATH\Libraries\cfdi_sat\satxmlsv33.php(123): GeneraXML->satxmlsv33_cargaAtt(Object(DOMElement), [...])
 2 APPPATH\Libraries\cfdi_sat\satxmlsv33.php(42): GeneraXML->satxmlsv33_conceptos([...], '', 'C:\\xampp\\htdocs\\pos\\app\\Libraries/cfdi_sat/', '')
 3 APPPATH\Libraries\cfdi_sat\satxmlsv33.php(27): GeneraXML->satxmlsv33_genera_xml([...], '', 'C:\\xampp\\htdocs\\pos\\app\\Libraries/cfdi_sat/', '')
 4 APPPATH\Controllers\Factura.php(64): GeneraXML->satxmlsv33([...], '', 'C:\\xampp\\htdocs\\pos\\app\\Libraries/cfdi_sat/', '')
 5 SYSTEMPATH\CodeIgniter.php(933): App\Controllers\Factura->facturar('14')
 6 SYSTEMPATH\CodeIgniter.php(507): CodeIgniter\CodeIgniter->runController(Object(App\Controllers\Factura))
 7 SYSTEMPATH\CodeIgniter.php(354): CodeIgniter\CodeIgniter->handleRequest(null, Object(Config\Cache), false)
 8 SYSTEMPATH\Boot.php(363): CodeIgniter\CodeIgniter->run()
 9 SYSTEMPATH\Boot.php(68): CodeIgniter\Boot::runCodeIgniter(Object(CodeIgniter\CodeIgniter))
10 FCPATH\index.php(59): CodeIgniter\Boot::bootWeb(Object(Config\Paths))
WARNING - 2025-12-01 10:01:50 --> [DEPRECATED] Function utf8_encode() is deprecated in APPPATH\Libraries\cfdi_sat\satxmlsv33.php on line 242.
 1 APPPATH\Libraries\cfdi_sat\satxmlsv33.php(123): GeneraXML->satxmlsv33_cargaAtt(Object(DOMElement), [...])
 2 APPPATH\Libraries\cfdi_sat\satxmlsv33.php(42): GeneraXML->satxmlsv33_conceptos([...], '', 'C:\\xampp\\htdocs\\pos\\app\\Libraries/cfdi_sat/', '')
 3 APPPATH\Libraries\cfdi_sat\satxmlsv33.php(27): GeneraXML->satxmlsv33_genera_xml([...], '', 'C:\\xampp\\htdocs\\pos\\app\\Libraries/cfdi_sat/', '')
 4 APPPATH\Controllers\Factura.php(64): GeneraXML->satxmlsv33([...], '', 'C:\\xampp\\htdocs\\pos\\app\\Libraries/cfdi_sat/', '')
 5 SYSTEMPATH\CodeIgniter.php(933): App\Controllers\Factura->facturar('14')
 6 SYSTEMPATH\CodeIgniter.php(507): CodeIgniter\CodeIgniter->runController(Object(App\Controllers\Factura))
 7 SYSTEMPATH\CodeIgniter.php(354): CodeIgniter\CodeIgniter->handleRequest(null, Object(Config\Cache), false)
 8 SYSTEMPATH\Boot.php(363): CodeIgniter\CodeIgniter->run()
 9 SYSTEMPATH\Boot.php(68): CodeIgniter\Boot::runCodeIgniter(Object(CodeIgniter\CodeIgniter))
10 FCPATH\index.php(59): CodeIgniter\Boot::bootWeb(Object(Config\Paths))
WARNING - 2025-12-01 10:01:50 --> [DEPRECATED] Function utf8_encode() is deprecated in APPPATH\Libraries\cfdi_sat\satxmlsv33.php on line 242.
 1 APPPATH\Libraries\cfdi_sat\satxmlsv33.php(144): GeneraXML->satxmlsv33_cargaAtt(Object(DOMElement), [...])
 2 APPPATH\Libraries\cfdi_sat\satxmlsv33.php(42): GeneraXML->satxmlsv33_conceptos([...], '', 'C:\\xampp\\htdocs\\pos\\app\\Libraries/cfdi_sat/', '')
 3 APPPATH\Libraries\cfdi_sat\satxmlsv33.php(27): GeneraXML->satxmlsv33_genera_xml([...], '', 'C:\\xampp\\htdocs\\pos\\app\\Libraries/cfdi_sat/', '')
 4 APPPATH\Controllers\Factura.php(64): GeneraXML->satxmlsv33([...], '', 'C:\\xampp\\htdocs\\pos\\app\\Libraries/cfdi_sat/', '')
 5 SYSTEMPATH\CodeIgniter.php(933): App\Controllers\Factura->facturar('14')
 6 SYSTEMPATH\CodeIgniter.php(507): CodeIgniter\CodeIgniter->runController(Object(App\Controllers\Factura))
 7 SYSTEMPATH\CodeIgniter.php(354): CodeIgniter\CodeIgniter->handleRequest(null, Object(Config\Cache), false)
 8 SYSTEMPATH\Boot.php(363): CodeIgniter\CodeIgniter->run()
 9 SYSTEMPATH\Boot.php(68): CodeIgniter\Boot::runCodeIgniter(Object(CodeIgniter\CodeIgniter))
10 FCPATH\index.php(59): CodeIgniter\Boot::bootWeb(Object(Config\Paths))
WARNING - 2025-12-01 10:01:50 --> [DEPRECATED] Function utf8_encode() is deprecated in APPPATH\Libraries\cfdi_sat\satxmlsv33.php on line 242.
 1 APPPATH\Libraries\cfdi_sat\satxmlsv33.php(144): GeneraXML->satxmlsv33_cargaAtt(Object(DOMElement), [...])
 2 APPPATH\Libraries\cfdi_sat\satxmlsv33.php(42): GeneraXML->satxmlsv33_conceptos([...], '', 'C:\\xampp\\htdocs\\pos\\app\\Libraries/cfdi_sat/', '')
 3 APPPATH\Libraries\cfdi_sat\satxmlsv33.php(27): GeneraXML->satxmlsv33_genera_xml([...], '', 'C:\\xampp\\htdocs\\pos\\app\\Libraries/cfdi_sat/', '')
 4 APPPATH\Controllers\Factura.php(64): GeneraXML->satxmlsv33([...], '', 'C:\\xampp\\htdocs\\pos\\app\\Libraries/cfdi_sat/', '')
 5 SYSTEMPATH\CodeIgniter.php(933): App\Controllers\Factura->facturar('14')
 6 SYSTEMPATH\CodeIgniter.php(507): CodeIgniter\CodeIgniter->runController(Object(App\Controllers\Factura))
 7 SYSTEMPATH\CodeIgniter.php(354): CodeIgniter\CodeIgniter->handleRequest(null, Object(Config\Cache), false)
 8 SYSTEMPATH\Boot.php(363): CodeIgniter\CodeIgniter->run()
 9 SYSTEMPATH\Boot.php(68): CodeIgniter\Boot::runCodeIgniter(Object(CodeIgniter\CodeIgniter))
10 FCPATH\index.php(59): CodeIgniter\Boot::bootWeb(Object(Config\Paths))
WARNING - 2025-12-01 10:01:50 --> [DEPRECATED] Function utf8_encode() is deprecated in APPPATH\Libraries\cfdi_sat\satxmlsv33.php on line 242.
 1 APPPATH\Libraries\cfdi_sat\satxmlsv33.php(144): GeneraXML->satxmlsv33_cargaAtt(Object(DOMElement), [...])
 2 APPPATH\Libraries\cfdi_sat\satxmlsv33.php(42): GeneraXML->satxmlsv33_conceptos([...], '', 'C:\\xampp\\htdocs\\pos\\app\\Libraries/cfdi_sat/', '')
 3 APPPATH\Libraries\cfdi_sat\satxmlsv33.php(27): GeneraXML->satxmlsv33_genera_xml([...], '', 'C:\\xampp\\htdocs\\pos\\app\\Libraries/cfdi_sat/', '')
 4 APPPATH\Controllers\Factura.php(64): GeneraXML->satxmlsv33([...], '', 'C:\\xampp\\htdocs\\pos\\app\\Libraries/cfdi_sat/', '')
 5 SYSTEMPATH\CodeIgniter.php(933): App\Controllers\Factura->facturar('14')
 6 SYSTEMPATH\CodeIgniter.php(507): CodeIgniter\CodeIgniter->runController(Object(App\Controllers\Factura))
 7 SYSTEMPATH\CodeIgniter.php(354): CodeIgniter\CodeIgniter->handleRequest(null, Object(Config\Cache), false)
 8 SYSTEMPATH\Boot.php(363): CodeIgniter\CodeIgniter->run()
 9 SYSTEMPATH\Boot.php(68): CodeIgniter\Boot::runCodeIgniter(Object(CodeIgniter\CodeIgniter))
10 FCPATH\index.php(59): CodeIgniter\Boot::bootWeb(Object(Config\Paths))
WARNING - 2025-12-01 10:01:50 --> [DEPRECATED] Function utf8_encode() is deprecated in APPPATH\Libraries\cfdi_sat\satxmlsv33.php on line 242.
 1 APPPATH\Libraries\cfdi_sat\satxmlsv33.php(144): GeneraXML->satxmlsv33_cargaAtt(Object(DOMElement), [...])
 2 APPPATH\Libraries\cfdi_sat\satxmlsv33.php(42): GeneraXML->satxmlsv33_conceptos([...], '', 'C:\\xampp\\htdocs\\pos\\app\\Libraries/cfdi_sat/', '')
 3 APPPATH\Libraries\cfdi_sat\satxmlsv33.php(27): GeneraXML->satxmlsv33_genera_xml([...], '', 'C:\\xampp\\htdocs\\pos\\app\\Libraries/cfdi_sat/', '')
 4 APPPATH\Controllers\Factura.php(64): GeneraXML->satxmlsv33([...], '', 'C:\\xampp\\htdocs\\pos\\app\\Libraries/cfdi_sat/', '')
 5 SYSTEMPATH\CodeIgniter.php(933): App\Controllers\Factura->facturar('14')
 6 SYSTEMPATH\CodeIgniter.php(507): CodeIgniter\CodeIgniter->runController(Object(App\Controllers\Factura))
 7 SYSTEMPATH\CodeIgniter.php(354): CodeIgniter\CodeIgniter->handleRequest(null, Object(Config\Cache), false)
 8 SYSTEMPATH\Boot.php(363): CodeIgniter\CodeIgniter->run()
 9 SYSTEMPATH\Boot.php(68): CodeIgniter\Boot::runCodeIgniter(Object(CodeIgniter\CodeIgniter))
10 FCPATH\index.php(59): CodeIgniter\Boot::bootWeb(Object(Config\Paths))
WARNING - 2025-12-01 10:01:50 --> [DEPRECATED] Function utf8_encode() is deprecated in APPPATH\Libraries\cfdi_sat\satxmlsv33.php on line 242.
 1 APPPATH\Libraries\cfdi_sat\satxmlsv33.php(144): GeneraXML->satxmlsv33_cargaAtt(Object(DOMElement), [...])
 2 APPPATH\Libraries\cfdi_sat\satxmlsv33.php(42): GeneraXML->satxmlsv33_conceptos([...], '', 'C:\\xampp\\htdocs\\pos\\app\\Libraries/cfdi_sat/', '')
 3 APPPATH\Libraries\cfdi_sat\satxmlsv33.php(27): GeneraXML->satxmlsv33_genera_xml([...], '', 'C:\\xampp\\htdocs\\pos\\app\\Libraries/cfdi_sat/', '')
 4 APPPATH\Controllers\Factura.php(64): GeneraXML->satxmlsv33([...], '', 'C:\\xampp\\htdocs\\pos\\app\\Libraries/cfdi_sat/', '')
 5 SYSTEMPATH\CodeIgniter.php(933): App\Controllers\Factura->facturar('14')
 6 SYSTEMPATH\CodeIgniter.php(507): CodeIgniter\CodeIgniter->runController(Object(App\Controllers\Factura))
 7 SYSTEMPATH\CodeIgniter.php(354): CodeIgniter\CodeIgniter->handleRequest(null, Object(Config\Cache), false)
 8 SYSTEMPATH\Boot.php(363): CodeIgniter\CodeIgniter->run()
 9 SYSTEMPATH\Boot.php(68): CodeIgniter\Boot::runCodeIgniter(Object(CodeIgniter\CodeIgniter))
10 FCPATH\index.php(59): CodeIgniter\Boot::bootWeb(Object(Config\Paths))
WARNING - 2025-12-01 10:01:50 --> [DEPRECATED] Function utf8_encode() is deprecated in APPPATH\Libraries\cfdi_sat\satxmlsv33.php on line 242.
 1 APPPATH\Libraries\cfdi_sat\satxmlsv33.php(165): GeneraXML->satxmlsv33_cargaAtt(Object(DOMElement), [...])
 2 APPPATH\Libraries\cfdi_sat\satxmlsv33.php(43): GeneraXML->satxmlsv33_impuestos([...], '', 'C:\\xampp\\htdocs\\pos\\app\\Libraries/cfdi_sat/', '')
 3 APPPATH\Libraries\cfdi_sat\satxmlsv33.php(27): GeneraXML->satxmlsv33_genera_xml([...], '', 'C:\\xampp\\htdocs\\pos\\app\\Libraries/cfdi_sat/', '')
 4 APPPATH\Controllers\Factura.php(64): GeneraXML->satxmlsv33([...], '', 'C:\\xampp\\htdocs\\pos\\app\\Libraries/cfdi_sat/', '')
 5 SYSTEMPATH\CodeIgniter.php(933): App\Controllers\Factura->facturar('14')
 6 SYSTEMPATH\CodeIgniter.php(507): CodeIgniter\CodeIgniter->runController(Object(App\Controllers\Factura))
 7 SYSTEMPATH\CodeIgniter.php(354): CodeIgniter\CodeIgniter->handleRequest(null, Object(Config\Cache), false)
 8 SYSTEMPATH\Boot.php(363): CodeIgniter\CodeIgniter->run()
 9 SYSTEMPATH\Boot.php(68): CodeIgniter\Boot::runCodeIgniter(Object(CodeIgniter\CodeIgniter))
10 FCPATH\index.php(59): CodeIgniter\Boot::bootWeb(Object(Config\Paths))
WARNING - 2025-12-01 10:01:50 --> [DEPRECATED] Function utf8_encode() is deprecated in APPPATH\Libraries\cfdi_sat\satxmlsv33.php on line 242.
 1 APPPATH\Libraries\cfdi_sat\satxmlsv33.php(165): GeneraXML->satxmlsv33_cargaAtt(Object(DOMElement), [...])
 2 APPPATH\Libraries\cfdi_sat\satxmlsv33.php(43): GeneraXML->satxmlsv33_impuestos([...], '', 'C:\\xampp\\htdocs\\pos\\app\\Libraries/cfdi_sat/', '')
 3 APPPATH\Libraries\cfdi_sat\satxmlsv33.php(27): GeneraXML->satxmlsv33_genera_xml([...], '', 'C:\\xampp\\htdocs\\pos\\app\\Libraries/cfdi_sat/', '')
 4 APPPATH\Controllers\Factura.php(64): GeneraXML->satxmlsv33([...], '', 'C:\\xampp\\htdocs\\pos\\app\\Libraries/cfdi_sat/', '')
 5 SYSTEMPATH\CodeIgniter.php(933): App\Controllers\Factura->facturar('14')
 6 SYSTEMPATH\CodeIgniter.php(507): CodeIgniter\CodeIgniter->runController(Object(App\Controllers\Factura))
 7 SYSTEMPATH\CodeIgniter.php(354): CodeIgniter\CodeIgniter->handleRequest(null, Object(Config\Cache), false)
 8 SYSTEMPATH\Boot.php(363): CodeIgniter\CodeIgniter->run()
 9 SYSTEMPATH\Boot.php(68): CodeIgniter\Boot::runCodeIgniter(Object(CodeIgniter\CodeIgniter))
10 FCPATH\index.php(59): CodeIgniter\Boot::bootWeb(Object(Config\Paths))
WARNING - 2025-12-01 10:01:50 --> [DEPRECATED] Function utf8_encode() is deprecated in APPPATH\Libraries\cfdi_sat\satxmlsv33.php on line 242.
 1 APPPATH\Libraries\cfdi_sat\satxmlsv33.php(165): GeneraXML->satxmlsv33_cargaAtt(Object(DOMElement), [...])
 2 APPPATH\Libraries\cfdi_sat\satxmlsv33.php(43): GeneraXML->satxmlsv33_impuestos([...], '', 'C:\\xampp\\htdocs\\pos\\app\\Libraries/cfdi_sat/', '')
 3 APPPATH\Libraries\cfdi_sat\satxmlsv33.php(27): GeneraXML->satxmlsv33_genera_xml([...], '', 'C:\\xampp\\htdocs\\pos\\app\\Libraries/cfdi_sat/', '')
 4 APPPATH\Controllers\Factura.php(64): GeneraXML->satxmlsv33([...], '', 'C:\\xampp\\htdocs\\pos\\app\\Libraries/cfdi_sat/', '')
 5 SYSTEMPATH\CodeIgniter.php(933): App\Controllers\Factura->facturar('14')
 6 SYSTEMPATH\CodeIgniter.php(507): CodeIgniter\CodeIgniter->runController(Object(App\Controllers\Factura))
 7 SYSTEMPATH\CodeIgniter.php(354): CodeIgniter\CodeIgniter->handleRequest(null, Object(Config\Cache), false)
 8 SYSTEMPATH\Boot.php(363): CodeIgniter\CodeIgniter->run()
 9 SYSTEMPATH\Boot.php(68): CodeIgniter\Boot::runCodeIgniter(Object(CodeIgniter\CodeIgniter))
10 FCPATH\index.php(59): CodeIgniter\Boot::bootWeb(Object(Config\Paths))
WARNING - 2025-12-01 10:01:50 --> [DEPRECATED] Function utf8_encode() is deprecated in APPPATH\Libraries\cfdi_sat\satxmlsv33.php on line 242.
 1 APPPATH\Libraries\cfdi_sat\satxmlsv33.php(165): GeneraXML->satxmlsv33_cargaAtt(Object(DOMElement), [...])
 2 APPPATH\Libraries\cfdi_sat\satxmlsv33.php(43): GeneraXML->satxmlsv33_impuestos([...], '', 'C:\\xampp\\htdocs\\pos\\app\\Libraries/cfdi_sat/', '')
 3 APPPATH\Libraries\cfdi_sat\satxmlsv33.php(27): GeneraXML->satxmlsv33_genera_xml([...], '', 'C:\\xampp\\htdocs\\pos\\app\\Libraries/cfdi_sat/', '')
 4 APPPATH\Controllers\Factura.php(64): GeneraXML->satxmlsv33([...], '', 'C:\\xampp\\htdocs\\pos\\app\\Libraries/cfdi_sat/', '')
 5 SYSTEMPATH\CodeIgniter.php(933): App\Controllers\Factura->facturar('14')
 6 SYSTEMPATH\CodeIgniter.php(507): CodeIgniter\CodeIgniter->runController(Object(App\Controllers\Factura))
 7 SYSTEMPATH\CodeIgniter.php(354): CodeIgniter\CodeIgniter->handleRequest(null, Object(Config\Cache), false)
 8 SYSTEMPATH\Boot.php(363): CodeIgniter\CodeIgniter->run()
 9 SYSTEMPATH\Boot.php(68): CodeIgniter\Boot::runCodeIgniter(Object(CodeIgniter\CodeIgniter))
10 FCPATH\index.php(59): CodeIgniter\Boot::bootWeb(Object(Config\Paths))
DEBUG - 2025-12-01 15:01:53 --> Session: Class initialized using 'CodeIgniter\Session\Handlers\FileHandler' driver.
WARNING - 2025-12-01 15:01:53 --> [DEPRECATED] Function utf8_decode() is deprecated in APPPATH\Controllers\Ventas.php on line 160.
 1 SYSTEMPATH\CodeIgniter.php(933): App\Controllers\Ventas->generarTicketPdf('14')
 2 SYSTEMPATH\CodeIgniter.php(507): CodeIgniter\CodeIgniter->runController(Object(App\Controllers\Ventas))
 3 SYSTEMPATH\CodeIgniter.php(354): CodeIgniter\CodeIgniter->handleRequest(null, Object(Config\Cache), false)
 4 SYSTEMPATH\Boot.php(363): CodeIgniter\CodeIgniter->run()
 5 SYSTEMPATH\Boot.php(68): CodeIgniter\Boot::runCodeIgniter(Object(CodeIgniter\CodeIgniter))
 6 FCPATH\index.php(59): CodeIgniter\Boot::bootWeb(Object(Config\Paths))
WARNING - 2025-12-01 15:01:53 --> [DEPRECATED] Function utf8_decode() is deprecated in APPPATH\Controllers\Ventas.php on line 165.
 1 SYSTEMPATH\CodeIgniter.php(933): App\Controllers\Ventas->generarTicketPdf('14')
 2 SYSTEMPATH\CodeIgniter.php(507): CodeIgniter\CodeIgniter->runController(Object(App\Controllers\Ventas))
 3 SYSTEMPATH\CodeIgniter.php(354): CodeIgniter\CodeIgniter->handleRequest(null, Object(Config\Cache), false)
 4 SYSTEMPATH\Boot.php(363): CodeIgniter\CodeIgniter->run()
 5 SYSTEMPATH\Boot.php(68): CodeIgniter\Boot::runCodeIgniter(Object(CodeIgniter\CodeIgniter))
 6 FCPATH\index.php(59): CodeIgniter\Boot::bootWeb(Object(Config\Paths))
DEBUG - 2025-12-01 15:02:07 --> Session: Class initialized using 'CodeIgniter\Session\Handlers\FileHandler' driver.
DEBUG - 2025-12-01 15:02:15 --> Session: Class initialized using 'CodeIgniter\Session\Handlers\FileHandler' driver.
WARNING - 2025-12-01 10:02:31 --> [DEPRECATED] Function openssl_free_key() is deprecated in APPPATH\Libraries\cfdi_sat\satxmlsv33.php on line 199.
 1 APPPATH\Libraries\cfdi_sat\satxmlsv33.php(29): GeneraXML->satxmlsv33_sella([...], 'C:\\xampp\\htdocs\\pos\\app\\Libraries/cfdi_sat/')
 2 APPPATH\Controllers\Factura.php(64): GeneraXML->satxmlsv33([...], '', 'C:\\xampp\\htdocs\\pos\\app\\Libraries/cfdi_sat/', '')
 3 SYSTEMPATH\CodeIgniter.php(933): App\Controllers\Factura->facturar('14')
 4 SYSTEMPATH\CodeIgniter.php(507): CodeIgniter\CodeIgniter->runController(Object(App\Controllers\Factura))
 5 SYSTEMPATH\CodeIgniter.php(354): CodeIgniter\CodeIgniter->handleRequest(null, Object(Config\Cache), false)
 6 SYSTEMPATH\Boot.php(363): CodeIgniter\CodeIgniter->run()
 7 SYSTEMPATH\Boot.php(68): CodeIgniter\Boot::runCodeIgniter(Object(CodeIgniter\CodeIgniter))
 8 FCPATH\index.php(59): CodeIgniter\Boot::bootWeb(Object(Config\Paths))
WARNING - 2025-12-01 10:02:34 --> [DEPRECATED] base64_decode(): Passing null to parameter #1 ($string) of type string is deprecated in APPPATH\Controllers\Factura.php on line 71.
 1 APPPATH\Controllers\Factura.php(71): base64_decode(null)
 2 SYSTEMPATH\CodeIgniter.php(933): App\Controllers\Factura->facturar('14')
 3 SYSTEMPATH\CodeIgniter.php(507): CodeIgniter\CodeIgniter->runController(Object(App\Controllers\Factura))
 4 SYSTEMPATH\CodeIgniter.php(354): CodeIgniter\CodeIgniter->handleRequest(null, Object(Config\Cache), false)
 5 SYSTEMPATH\Boot.php(363): CodeIgniter\CodeIgniter->run()
 6 SYSTEMPATH\Boot.php(68): CodeIgniter\Boot::runCodeIgniter(Object(CodeIgniter\CodeIgniter))
 7 FCPATH\index.php(59): CodeIgniter\Boot::bootWeb(Object(Config\Paths))
DEBUG - 2025-12-01 15:02:52 --> Session: Class initialized using 'CodeIgniter\Session\Handlers\FileHandler' driver.
DEBUG - 2025-12-01 16:55:26 --> Session: Class initialized using 'CodeIgniter\Session\Handlers\FileHandler' driver.
DEBUG - 2025-12-01 19:17:54 --> Session: Class initialized using 'CodeIgniter\Session\Handlers\FileHandler' driver.
DEBUG - 2025-12-01 19:18:11 --> Session: Class initialized using 'CodeIgniter\Session\Handlers\FileHandler' driver.
DEBUG - 2025-12-01 19:19:59 --> Session: Class initialized using 'CodeIgniter\Session\Handlers\FileHandler' driver.
DEBUG - 2025-12-01 21:19:04 --> Session: Class initialized using 'CodeIgniter\Session\Handlers\FileHandler' driver.
DEBUG - 2025-12-01 21:19:07 --> Session: Class initialized using 'CodeIgniter\Session\Handlers\FileHandler' driver.
DEBUG - 2025-12-01 21:19:09 --> Session: Class initialized using 'CodeIgniter\Session\Handlers\FileHandler' driver.
DEBUG - 2025-12-01 21:19:10 --> Session: Class initialized using 'CodeIgniter\Session\Handlers\FileHandler' driver.
DEBUG - 2025-12-01 22:30:55 --> Session: Class initialized using 'CodeIgniter\Session\Handlers\FileHandler' driver.
DEBUG - 2025-12-01 22:38:55 --> Session: Class initialized using 'CodeIgniter\Session\Handlers\FileHandler' driver.
DEBUG - 2025-12-01 22:38:58 --> Session: Class initialized using 'CodeIgniter\Session\Handlers\FileHandler' driver.
DEBUG - 2025-12-01 22:38:58 --> Session: Class initialized using 'CodeIgniter\Session\Handlers\FileHandler' driver.
DEBUG - 2025-12-01 22:39:00 --> Session: Class initialized using 'CodeIgniter\Session\Handlers\FileHandler' driver.
DEBUG - 2025-12-01 22:39:02 --> Session: Class initialized using 'CodeIgniter\Session\Handlers\FileHandler' driver.
DEBUG - 2025-12-01 23:45:43 --> Session: Class initialized using 'CodeIgniter\Session\Handlers\FileHandler' driver.
DEBUG - 2025-12-01 23:45:44 --> Session: Class initialized using 'CodeIgniter\Session\Handlers\FileHandler' driver.
